time="2026-10-06T23:52:35+05:30" level=info msg="Using docker host 'unix:///var/run/docker.sock', and daemon socket 'unix:///var/run/docker.sock'"
level=warning msg= ⚠ You are using Apple M-series chip and you have not specified container architecture, you might encounter issues while running act. If so, try running it with '--container-architecture linux/amd64'. ⚠ 

time="2026-10-06T23:52:35+05:30" level=info msg="Start server on http://10.114.2.89:34567"
[DevSecOps Pipeline/Build] ⭐ Run Set up job
[DevSecOps Pipeline/Build] 🚀  Start image=catthehacker/ubuntu:act-latest
[DevSecOps Pipeline/Build]   🐳  docker pull image=catthehacker/ubuntu:act-latest platform= username= forcePull=false
[DevSecOps Pipeline/Build]   🐳  docker create image=catthehacker/ubuntu:act-latest platform= entrypoint=["tail" "-f" "/dev/null"] cmd=[] network="kind"
[DevSecOps Pipeline/Build]   🐳  docker run image=catthehacker/ubuntu:act-latest platform= entrypoint=["tail" "-f" "/dev/null"] cmd=[] network="kind"
[DevSecOps Pipeline/Build]   🐳  docker exec cmd=[node --no-warnings -e console.log(process.execPath)] user= workdir=
[DevSecOps Pipeline/Build]   ✅  Success - Set up job
[DevSecOps Pipeline/Build]   ☁  git clone 'https://github.com/actions/setup-python' # ref=v5
[DevSecOps Pipeline/Build] ⭐ Run Main actions/checkout@v4
[DevSecOps Pipeline/Build]   🐳  docker cp src=/Users/utkarshpathak3107/Desktop/Learn_DevOps/Class_Assignments/DevSecOps/. dst=/Users/utkarshpathak3107/Desktop/Learn_DevOps/Class_Assignments/DevSecOps
[DevSecOps Pipeline/Build]   ✅  Success - Main actions/checkout@v4 [37.408542ms]
[DevSecOps Pipeline/Build] ⭐ Run Main actions/setup-python@v5
[DevSecOps Pipeline/Build]   🐳  docker cp src=/Users/utkarshpathak3107/.cache/act/actions-setup-python@v5/ dst=/var/run/act/actions/actions-setup-python@v5/
[DevSecOps Pipeline/Build]   🐳  docker exec cmd=[/opt/acttoolcache/node/24.19.0/arm64/bin/node /var/run/act/actions/actions-setup-python@v5/dist/setup/index.js] user= workdir=
[DevSecOps Pipeline/Build]   ❓  ::group::Installed versions
[DevSecOps Pipeline/Build]   | (node:31) [DEP0040] DeprecationWarning: The `punycode` module is deprecated. Please use a userland alternative instead.
[DevSecOps Pipeline/Build]   | (Use `node --trace-deprecation ...` to show where the warning was created)
[DevSecOps Pipeline/Build]   | Successfully set up CPython (3.12.15)
[DevSecOps Pipeline/Build]   ❓  ::endgroup::
[DevSecOps Pipeline/Build]   ❓ add-matcher /run/act/actions/actions-setup-python@v5/.github/python.json
[DevSecOps Pipeline/Build]   ✅  Success - Main actions/setup-python@v5 [917.490625ms]
[DevSecOps Pipeline/Build]   ⚙  ::set-env:: Python_ROOT_DIR=/opt/hostedtoolcache/Python/3.12.15/arm64
[DevSecOps Pipeline/Build]   ⚙  ::set-env:: Python2_ROOT_DIR=/opt/hostedtoolcache/Python/3.12.15/arm64
[DevSecOps Pipeline/Build]   ⚙  ::set-env:: Python3_ROOT_DIR=/opt/hostedtoolcache/Python/3.12.15/arm64
[DevSecOps Pipeline/Build]   ⚙  ::set-env:: LD_LIBRARY_PATH=/opt/hostedtoolcache/Python/3.12.15/arm64/lib
[DevSecOps Pipeline/Build]   ⚙  ::set-env:: pythonLocation=/opt/hostedtoolcache/Python/3.12.15/arm64
[DevSecOps Pipeline/Build]   ⚙  ::set-env:: PKG_CONFIG_PATH=/opt/hostedtoolcache/Python/3.12.15/arm64/lib/pkgconfig
[DevSecOps Pipeline/Build]   ⚙  ::set-output:: python-version=3.12.15
[DevSecOps Pipeline/Build]   ⚙  ::set-output:: python-path=/opt/hostedtoolcache/Python/3.12.15/arm64/bin/python
[DevSecOps Pipeline/Build]   ⚙  ::add-path:: /opt/hostedtoolcache/Python/3.12.15/arm64
[DevSecOps Pipeline/Build]   ⚙  ::add-path:: /opt/hostedtoolcache/Python/3.12.15/arm64/bin
[DevSecOps Pipeline/Build] ⭐ Run Main Install dependencies
[DevSecOps Pipeline/Build]   🐳  docker exec cmd=[bash -e /var/run/act/workflow/2] user= workdir=
[DevSecOps Pipeline/Build]   | Requirement already satisfied: Flask==3.1.3 in /opt/hostedtoolcache/Python/3.12.15/arm64/lib/python3.12/site-packages (from -r requirements.txt (line 1)) (3.1.3)
[DevSecOps Pipeline/Build]   | Requirement already satisfied: gunicorn==23.0.0 in /opt/hostedtoolcache/Python/3.12.15/arm64/lib/python3.12/site-packages (from -r requirements.txt (line 2)) (23.0.0)
[DevSecOps Pipeline/Build]   | Requirement already satisfied: blinker>=1.9.0 in /opt/hostedtoolcache/Python/3.12.15/arm64/lib/python3.12/site-packages (from Flask==3.1.3->-r requirements.txt (line 1)) (1.9.0)
[DevSecOps Pipeline/Build]   | Requirement already satisfied: click>=8.1.3 in /opt/hostedtoolcache/Python/3.12.15/arm64/lib/python3.12/site-packages (from Flask==3.1.3->-r requirements.txt (line 1)) (8.5.0)
[DevSecOps Pipeline/Build]   | Requirement already satisfied: itsdangerous>=2.2.0 in /opt/hostedtoolcache/Python/3.12.15/arm64/lib/python3.12/site-packages (from Flask==3.1.3->-r requirements.txt (line 1)) (2.2.0)
[DevSecOps Pipeline/Build]   | Requirement already satisfied: jinja2>=3.1.2 in /opt/hostedtoolcache/Python/3.12.15/arm64/lib/python3.12/site-packages (from Flask==3.1.3->-r requirements.txt (line 1)) (3.1.6)
[DevSecOps Pipeline/Build]   | Requirement already satisfied: markupsafe>=2.1.1 in /opt/hostedtoolcache/Python/3.12.15/arm64/lib/python3.12/site-packages (from Flask==3.1.3->-r requirements.txt (line 1)) (3.0.4)
[DevSecOps Pipeline/Build]   | Requirement already satisfied: werkzeug>=3.1.0 in /opt/hostedtoolcache/Python/3.12.15/arm64/lib/python3.12/site-packages (from Flask==3.1.3->-r requirements.txt (line 1)) (3.1.9)
[DevSecOps Pipeline/Build]   | Requirement already satisfied: packaging in /opt/hostedtoolcache/Python/3.12.15/arm64/lib/python3.12/site-packages (from gunicorn==23.0.0->-r requirements.txt (line 2)) (26.3)
[DevSecOps Pipeline/Build]   | WARNING: Running pip as the 'root' user can result in broken permissions and conflicting behaviour with the system package manager, possibly rendering your system unusable. It is recommended to use a virtual environment instead: https://pip.pypa.io/warnings/venv. Use the --root-user-action option if you know what you are doing and want to suppress this warning.
[DevSecOps Pipeline/Build]   ✅  Success - Main Install dependencies [738.993042ms]
[DevSecOps Pipeline/Build] ⭐ Run Main Compile application
[DevSecOps Pipeline/Build]   🐳  docker exec cmd=[bash -e /var/run/act/workflow/3] user= workdir=
[DevSecOps Pipeline/Build]   | Build OK - all modules compiled
[DevSecOps Pipeline/Build]   ✅  Success - Main Compile application [90.206958ms]
[DevSecOps Pipeline/Build] ⭐ Run Post actions/setup-python@v5
[DevSecOps Pipeline/Build]   🐳  docker exec cmd=[/opt/acttoolcache/node/24.19.0/arm64/bin/node /var/run/act/actions/actions-setup-python@v5/dist/cache-save/index.js] user= workdir=
[DevSecOps Pipeline/Build]   | (node:73) [DEP0040] DeprecationWarning: The `punycode` module is deprecated. Please use a userland alternative instead.
[DevSecOps Pipeline/Build]   | (Use `node --trace-deprecation ...` to show where the warning was created)
[DevSecOps Pipeline/Build]   ✅  Success - Post actions/setup-python@v5 [132.043042ms]
[DevSecOps Pipeline/Build] ⭐ Run Complete job
[DevSecOps Pipeline/Build] Cleaning up container for job Build
[DevSecOps Pipeline/Build]   ✅  Success - Complete job
[DevSecOps Pipeline/Build] 🏁  Job succeeded
[DevSecOps Pipeline/Secret Scan - Gitleaks] ⭐ Run Set up job
[DevSecOps Pipeline/Secret Scan - Gitleaks] 🚀  Start image=catthehacker/ubuntu:act-latest
[DevSecOps Pipeline/SCA - pip-audit       ] ⭐ Run Set up job
[DevSecOps Pipeline/SCA - pip-audit       ] 🚀  Start image=catthehacker/ubuntu:act-latest
[DevSecOps Pipeline/SAST - Bandit         ] ⭐ Run Set up job
[DevSecOps Pipeline/SAST - Bandit         ] 🚀  Start image=catthehacker/ubuntu:act-latest
[DevSecOps Pipeline/Unit Test             ] ⭐ Run Set up job
[DevSecOps Pipeline/Unit Test             ] 🚀  Start image=catthehacker/ubuntu:act-latest
[DevSecOps Pipeline/Secret Scan - Gitleaks]   🐳  docker pull image=catthehacker/ubuntu:act-latest platform= username= forcePull=false
[DevSecOps Pipeline/SCA - pip-audit       ]   🐳  docker pull image=catthehacker/ubuntu:act-latest platform= username= forcePull=false
[DevSecOps Pipeline/Unit Test             ]   🐳  docker pull image=catthehacker/ubuntu:act-latest platform= username= forcePull=false
[DevSecOps Pipeline/SAST - Bandit         ]   🐳  docker pull image=catthehacker/ubuntu:act-latest platform= username= forcePull=false
[DevSecOps Pipeline/Secret Scan - Gitleaks]   🐳  docker create image=catthehacker/ubuntu:act-latest platform= entrypoint=["tail" "-f" "/dev/null"] cmd=[] network="kind"
[DevSecOps Pipeline/Unit Test             ]   🐳  docker create image=catthehacker/ubuntu:act-latest platform= entrypoint=["tail" "-f" "/dev/null"] cmd=[] network="kind"
[DevSecOps Pipeline/SCA - pip-audit       ]   🐳  docker create image=catthehacker/ubuntu:act-latest platform= entrypoint=["tail" "-f" "/dev/null"] cmd=[] network="kind"
[DevSecOps Pipeline/SAST - Bandit         ]   🐳  docker create image=catthehacker/ubuntu:act-latest platform= entrypoint=["tail" "-f" "/dev/null"] cmd=[] network="kind"
[DevSecOps Pipeline/Secret Scan - Gitleaks]   🐳  docker run image=catthehacker/ubuntu:act-latest platform= entrypoint=["tail" "-f" "/dev/null"] cmd=[] network="kind"
[DevSecOps Pipeline/Unit Test             ]   🐳  docker run image=catthehacker/ubuntu:act-latest platform= entrypoint=["tail" "-f" "/dev/null"] cmd=[] network="kind"
[DevSecOps Pipeline/SCA - pip-audit       ]   🐳  docker run image=catthehacker/ubuntu:act-latest platform= entrypoint=["tail" "-f" "/dev/null"] cmd=[] network="kind"
[DevSecOps Pipeline/SAST - Bandit         ]   🐳  docker run image=catthehacker/ubuntu:act-latest platform= entrypoint=["tail" "-f" "/dev/null"] cmd=[] network="kind"
[DevSecOps Pipeline/Secret Scan - Gitleaks]   🐳  docker exec cmd=[node --no-warnings -e console.log(process.execPath)] user= workdir=
[DevSecOps Pipeline/SCA - pip-audit       ]   🐳  docker exec cmd=[node --no-warnings -e console.log(process.execPath)] user= workdir=
[DevSecOps Pipeline/Secret Scan - Gitleaks]   ✅  Success - Set up job
[DevSecOps Pipeline/Unit Test             ]   🐳  docker exec cmd=[node --no-warnings -e console.log(process.execPath)] user= workdir=
[DevSecOps Pipeline/Secret Scan - Gitleaks] ⭐ Run Main actions/checkout@v4
[DevSecOps Pipeline/SCA - pip-audit       ]   ✅  Success - Set up job
[DevSecOps Pipeline/SCA - pip-audit       ]   ☁  git clone 'https://github.com/actions/setup-python' # ref=v5
[DevSecOps Pipeline/Secret Scan - Gitleaks]   🐳  docker cp src=/Users/utkarshpathak3107/Desktop/Learn_DevOps/Class_Assignments/DevSecOps/. dst=/Users/utkarshpathak3107/Desktop/Learn_DevOps/Class_Assignments/DevSecOps
[DevSecOps Pipeline/Unit Test             ]   ✅  Success - Set up job
[DevSecOps Pipeline/Secret Scan - Gitleaks]   ✅  Success - Main actions/checkout@v4 [21.791292ms]
[DevSecOps Pipeline/Unit Test             ]   ☁  git clone 'https://github.com/actions/setup-python' # ref=v5
[DevSecOps Pipeline/SAST - Bandit         ]   🐳  docker exec cmd=[node --no-warnings -e console.log(process.execPath)] user= workdir=
[DevSecOps Pipeline/Secret Scan - Gitleaks] ⭐ Run Main Install Gitleaks
[DevSecOps Pipeline/SAST - Bandit         ]   ✅  Success - Set up job
[DevSecOps Pipeline/SAST - Bandit         ]   ☁  git clone 'https://github.com/actions/setup-python' # ref=v5
[DevSecOps Pipeline/Secret Scan - Gitleaks]   🐳  docker exec cmd=[bash -e /var/run/act/workflow/1] user= workdir=
[DevSecOps Pipeline/SCA - pip-audit       ] ⭐ Run Main actions/checkout@v4
[DevSecOps Pipeline/SCA - pip-audit       ]   🐳  docker cp src=/Users/utkarshpathak3107/Desktop/Learn_DevOps/Class_Assignments/DevSecOps/. dst=/Users/utkarshpathak3107/Desktop/Learn_DevOps/Class_Assignments/DevSecOps
[DevSecOps Pipeline/SCA - pip-audit       ]   ✅  Success - Main actions/checkout@v4 [16.326292ms]
[DevSecOps Pipeline/SCA - pip-audit       ] ⭐ Run Main actions/setup-python@v5
[DevSecOps Pipeline/SCA - pip-audit       ]   🐳  docker cp src=/Users/utkarshpathak3107/.cache/act/actions-setup-python@v5/ dst=/var/run/act/actions/actions-setup-python@v5/
[DevSecOps Pipeline/Secret Scan - Gitleaks]   | 8.30.1
[DevSecOps Pipeline/Secret Scan - Gitleaks]   ✅  Success - Main Install Gitleaks [1.564103167s]
[DevSecOps Pipeline/Secret Scan - Gitleaks] ⭐ Run Main Scan files for secrets
[DevSecOps Pipeline/Secret Scan - Gitleaks]   🐳  docker exec cmd=[bash -e /var/run/act/workflow/2] user= workdir=
[DevSecOps Pipeline/SCA - pip-audit       ]   🐳  docker exec cmd=[/opt/acttoolcache/node/24.19.0/arm64/bin/node /var/run/act/actions/actions-setup-python@v5/dist/setup/index.js] user= workdir=
[DevSecOps Pipeline/Unit Test             ] ⭐ Run Main actions/checkout@v4
[DevSecOps Pipeline/SCA - pip-audit       ]   ❓  ::group::Installed versions
[DevSecOps Pipeline/Unit Test             ]   🐳  docker cp src=/Users/utkarshpathak3107/Desktop/Learn_DevOps/Class_Assignments/DevSecOps/. dst=/Users/utkarshpathak3107/Desktop/Learn_DevOps/Class_Assignments/DevSecOps
[DevSecOps Pipeline/SCA - pip-audit       ]   | (node:29) [DEP0040] DeprecationWarning: The `punycode` module is deprecated. Please use a userland alternative instead.
[DevSecOps Pipeline/SCA - pip-audit       ]   | (Use `node --trace-deprecation ...` to show where the warning was created)
[DevSecOps Pipeline/SCA - pip-audit       ]   | Successfully set up CPython (3.12.15)
[DevSecOps Pipeline/SCA - pip-audit       ]   ❓  ::endgroup::
[DevSecOps Pipeline/SCA - pip-audit       ]   ❓ add-matcher /run/act/actions/actions-setup-python@v5/.github/python.json
[DevSecOps Pipeline/Unit Test             ]   ✅  Success - Main actions/checkout@v4 [17.120667ms]
[DevSecOps Pipeline/SCA - pip-audit       ]   ✅  Success - Main actions/setup-python@v5 [1.104503166s]
[DevSecOps Pipeline/SCA - pip-audit       ]   ⚙  ::set-env:: pythonLocation=/opt/hostedtoolcache/Python/3.12.15/arm64
[DevSecOps Pipeline/SCA - pip-audit       ]   ⚙  ::set-env:: PKG_CONFIG_PATH=/opt/hostedtoolcache/Python/3.12.15/arm64/lib/pkgconfig
[DevSecOps Pipeline/SCA - pip-audit       ]   ⚙  ::set-env:: Python_ROOT_DIR=/opt/hostedtoolcache/Python/3.12.15/arm64
[DevSecOps Pipeline/SCA - pip-audit       ]   ⚙  ::set-env:: Python2_ROOT_DIR=/opt/hostedtoolcache/Python/3.12.15/arm64
[DevSecOps Pipeline/SCA - pip-audit       ]   ⚙  ::set-env:: Python3_ROOT_DIR=/opt/hostedtoolcache/Python/3.12.15/arm64
[DevSecOps Pipeline/SCA - pip-audit       ]   ⚙  ::set-env:: LD_LIBRARY_PATH=/opt/hostedtoolcache/Python/3.12.15/arm64/lib
[DevSecOps Pipeline/SCA - pip-audit       ]   ⚙  ::set-output:: python-version=3.12.15
[DevSecOps Pipeline/SCA - pip-audit       ]   ⚙  ::set-output:: python-path=/opt/hostedtoolcache/Python/3.12.15/arm64/bin/python
[DevSecOps Pipeline/SCA - pip-audit       ]   ⚙  ::add-path:: /opt/hostedtoolcache/Python/3.12.15/arm64
[DevSecOps Pipeline/SCA - pip-audit       ]   ⚙  ::add-path:: /opt/hostedtoolcache/Python/3.12.15/arm64/bin
[DevSecOps Pipeline/Unit Test             ] ⭐ Run Main actions/setup-python@v5
[DevSecOps Pipeline/SCA - pip-audit       ] ⭐ Run Main pip install pip-audit==2.9.0
[DevSecOps Pipeline/Secret Scan - Gitleaks]   | [90m6:22PM[0m [32mINF[0m [1mscanned ~119131 bytes (119.13 KB) in 13.4ms[0m
[DevSecOps Pipeline/Secret Scan - Gitleaks]   | [90m6:22PM[0m [32mINF[0m [1mno leaks found[0m
[DevSecOps Pipeline/Secret Scan - Gitleaks]   ✅  Success - Main Scan files for secrets [443.165084ms]
[DevSecOps Pipeline/Unit Test             ]   🐳  docker cp src=/Users/utkarshpathak3107/.cache/act/actions-setup-python@v5/ dst=/var/run/act/actions/actions-setup-python@v5/
[DevSecOps Pipeline/Secret Scan - Gitleaks] ⭐ Run Complete job
[DevSecOps Pipeline/Secret Scan - Gitleaks] Cleaning up container for job Secret Scan - Gitleaks
[DevSecOps Pipeline/SCA - pip-audit       ]   🐳  docker exec cmd=[bash -e /var/run/act/workflow/2] user= workdir=
[DevSecOps Pipeline/Secret Scan - Gitleaks]   ✅  Success - Complete job
[DevSecOps Pipeline/Secret Scan - Gitleaks] 🏁  Job succeeded
[DevSecOps Pipeline/SAST - Bandit         ] ⭐ Run Main actions/checkout@v4
[DevSecOps Pipeline/SAST - Bandit         ]   🐳  docker cp src=/Users/utkarshpathak3107/Desktop/Learn_DevOps/Class_Assignments/DevSecOps/. dst=/Users/utkarshpathak3107/Desktop/Learn_DevOps/Class_Assignments/DevSecOps
[DevSecOps Pipeline/SAST - Bandit         ]   ✅  Success - Main actions/checkout@v4 [20.517792ms]
[DevSecOps Pipeline/SAST - Bandit         ] ⭐ Run Main actions/setup-python@v5
[DevSecOps Pipeline/Unit Test             ]   🐳  docker exec cmd=[/opt/acttoolcache/node/24.19.0/arm64/bin/node /var/run/act/actions/actions-setup-python@v5/dist/setup/index.js] user= workdir=
[DevSecOps Pipeline/SAST - Bandit         ]   🐳  docker cp src=/Users/utkarshpathak3107/.cache/act/actions-setup-python@v5/ dst=/var/run/act/actions/actions-setup-python@v5/
[DevSecOps Pipeline/SCA - pip-audit       ]   | Requirement already satisfied: pip-audit==2.9.0 in /opt/hostedtoolcache/Python/3.12.15/arm64/lib/python3.12/site-packages (2.9.0)
[DevSecOps Pipeline/SCA - pip-audit       ]   | Requirement already satisfied: CacheControl>=0.13.0 in /opt/hostedtoolcache/Python/3.12.15/arm64/lib/python3.12/site-packages (from CacheControl[filecache]>=0.13.0->pip-audit==2.9.0) (0.14.4)
[DevSecOps Pipeline/SCA - pip-audit       ]   | Requirement already satisfied: cyclonedx-python-lib<10,>=5 in /opt/hostedtoolcache/Python/3.12.15/arm64/lib/python3.12/site-packages (from pip-audit==2.9.0) (9.1.0)
[DevSecOps Pipeline/SCA - pip-audit       ]   | Requirement already satisfied: packaging>=23.0.0 in /opt/hostedtoolcache/Python/3.12.15/arm64/lib/python3.12/site-packages (from pip-audit==2.9.0) (26.3)
[DevSecOps Pipeline/SCA - pip-audit       ]   | Requirement already satisfied: pip-api>=0.0.28 in /opt/hostedtoolcache/Python/3.12.15/arm64/lib/python3.12/site-packages (from pip-audit==2.9.0) (0.0.35)
[DevSecOps Pipeline/SCA - pip-audit       ]   | Requirement already satisfied: pip-requirements-parser>=32.0.0 in /opt/hostedtoolcache/Python/3.12.15/arm64/lib/python3.12/site-packages (from pip-audit==2.9.0) (32.0.1)
[DevSecOps Pipeline/SCA - pip-audit       ]   | Requirement already satisfied: requests>=2.31.0 in /opt/hostedtoolcache/Python/3.12.15/arm64/lib/python3.12/site-packages (from pip-audit==2.9.0) (2.34.2)
[DevSecOps Pipeline/SCA - pip-audit       ]   | Requirement already satisfied: rich>=12.4 in /opt/hostedtoolcache/Python/3.12.15/arm64/lib/python3.12/site-packages (from pip-audit==2.9.0) (15.0.0)
[DevSecOps Pipeline/SCA - pip-audit       ]   | Requirement already satisfied: toml>=0.10 in /opt/hostedtoolcache/Python/3.12.15/arm64/lib/python3.12/site-packages (from pip-audit==2.9.0) (0.10.2)
[DevSecOps Pipeline/SCA - pip-audit       ]   | Requirement already satisfied: platformdirs>=4.2.0 in /opt/hostedtoolcache/Python/3.12.15/arm64/lib/python3.12/site-packages (from pip-audit==2.9.0) (4.12.3)
[DevSecOps Pipeline/SCA - pip-audit       ]   | Requirement already satisfied: license-expression<31,>=30 in /opt/hostedtoolcache/Python/3.12.15/arm64/lib/python3.12/site-packages (from cyclonedx-python-lib<10,>=5->pip-audit==2.9.0) (30.4.4)
[DevSecOps Pipeline/SCA - pip-audit       ]   | Requirement already satisfied: packageurl-python<2,>=0.11 in /opt/hostedtoolcache/Python/3.12.15/arm64/lib/python3.12/site-packages (from cyclonedx-python-lib<10,>=5->pip-audit==2.9.0) (0.17.6)
[DevSecOps Pipeline/SCA - pip-audit       ]   | Requirement already satisfied: py-serializable<3.0.0,>=2.0.0 in /opt/hostedtoolcache/Python/3.12.15/arm64/lib/python3.12/site-packages (from cyclonedx-python-lib<10,>=5->pip-audit==2.9.0) (2.1.0)
[DevSecOps Pipeline/SCA - pip-audit       ]   | Requirement already satisfied: sortedcontainers<3.0.0,>=2.4.0 in /opt/hostedtoolcache/Python/3.12.15/arm64/lib/python3.12/site-packages (from cyclonedx-python-lib<10,>=5->pip-audit==2.9.0) (2.4.0)
[DevSecOps Pipeline/SCA - pip-audit       ]   | Requirement already satisfied: boolean.py>=4.0 in /opt/hostedtoolcache/Python/3.12.15/arm64/lib/python3.12/site-packages (from license-expression<31,>=30->cyclonedx-python-lib<10,>=5->pip-audit==2.9.0) (5.0)
[DevSecOps Pipeline/SCA - pip-audit       ]   | Requirement already satisfied: defusedxml<0.8.0,>=0.7.1 in /opt/hostedtoolcache/Python/3.12.15/arm64/lib/python3.12/site-packages (from py-serializable<3.0.0,>=2.0.0->cyclonedx-python-lib<10,>=5->pip-audit==2.9.0) (0.7.1)
[DevSecOps Pipeline/SCA - pip-audit       ]   | Requirement already satisfied: msgpack<2.0.0,>=0.5.2 in /opt/hostedtoolcache/Python/3.12.15/arm64/lib/python3.12/site-packages (from CacheControl>=0.13.0->CacheControl[filecache]>=0.13.0->pip-audit==2.9.0) (1.2.3)
[DevSecOps Pipeline/SCA - pip-audit       ]   | Requirement already satisfied: filelock>=3.8.0 in /opt/hostedtoolcache/Python/3.12.15/arm64/lib/python3.12/site-packages (from CacheControl[filecache]>=0.13.0->pip-audit==2.9.0) (4.0.12)
[DevSecOps Pipeline/SCA - pip-audit       ]   | Requirement already satisfied: pip in /opt/hostedtoolcache/Python/3.12.15/arm64/lib/python3.12/site-packages (from pip-api>=0.0.28->pip-audit==2.9.0) (26.2.1)
[DevSecOps Pipeline/SCA - pip-audit       ]   | Requirement already satisfied: pyparsing in /opt/hostedtoolcache/Python/3.12.15/arm64/lib/python3.12/site-packages (from pip-requirements-parser>=32.0.0->pip-audit==2.9.0) (3.3.3)
[DevSecOps Pipeline/SCA - pip-audit       ]   | Requirement already satisfied: charset_normalizer<4,>=2 in /opt/hostedtoolcache/Python/3.12.15/arm64/lib/python3.12/site-packages (from requests>=2.31.0->pip-audit==2.9.0) (3.5.2)
[DevSecOps Pipeline/SCA - pip-audit       ]   | Requirement already satisfied: idna<4,>=2.5 in /opt/hostedtoolcache/Python/3.12.15/arm64/lib/python3.12/site-packages (from requests>=2.31.0->pip-audit==2.9.0) (3.20)
[DevSecOps Pipeline/SCA - pip-audit       ]   | Requirement already satisfied: urllib3<3,>=1.26 in /opt/hostedtoolcache/Python/3.12.15/arm64/lib/python3.12/site-packages (from requests>=2.31.0->pip-audit==2.9.0) (2.8.0)
[DevSecOps Pipeline/SCA - pip-audit       ]   | Requirement already satisfied: certifi>=2023.5.7 in /opt/hostedtoolcache/Python/3.12.15/arm64/lib/python3.12/site-packages (from requests>=2.31.0->pip-audit==2.9.0) (2026.7.22)
[DevSecOps Pipeline/SCA - pip-audit       ]   | Requirement already satisfied: markdown-it-py>=2.2.0 in /opt/hostedtoolcache/Python/3.12.15/arm64/lib/python3.12/site-packages (from rich>=12.4->pip-audit==2.9.0) (4.2.0)
[DevSecOps Pipeline/SCA - pip-audit       ]   | Requirement already satisfied: pygments<3.0.0,>=2.13.0 in /opt/hostedtoolcache/Python/3.12.15/arm64/lib/python3.12/site-packages (from rich>=12.4->pip-audit==2.9.0) (2.21.0)
[DevSecOps Pipeline/SCA - pip-audit       ]   | Requirement already satisfied: mdurl~=0.1 in /opt/hostedtoolcache/Python/3.12.15/arm64/lib/python3.12/site-packages (from markdown-it-py>=2.2.0->rich>=12.4->pip-audit==2.9.0) (0.1.2)
[DevSecOps Pipeline/SCA - pip-audit       ]   | WARNING: Running pip as the 'root' user can result in broken permissions and conflicting behaviour with the system package manager, possibly rendering your system unusable. It is recommended to use a virtual environment instead: https://pip.pypa.io/warnings/venv. Use the --root-user-action option if you know what you are doing and want to suppress this warning.
[DevSecOps Pipeline/Unit Test             ]   ❓  ::group::Installed versions
[DevSecOps Pipeline/Unit Test             ]   | Successfully set up CPython (3.12.15)
[DevSecOps Pipeline/Unit Test             ]   ❓  ::endgroup::
[DevSecOps Pipeline/Unit Test             ]   | (node:30) [DEP0040] DeprecationWarning: The `punycode` module is deprecated. Please use a userland alternative instead.
[DevSecOps Pipeline/Unit Test             ]   | (Use `node --trace-deprecation ...` to show where the warning was created)
[DevSecOps Pipeline/Unit Test             ]   ❓ add-matcher /run/act/actions/actions-setup-python@v5/.github/python.json
[DevSecOps Pipeline/Unit Test             ]   ✅  Success - Main actions/setup-python@v5 [1.087313833s]
[DevSecOps Pipeline/Unit Test             ]   ⚙  ::set-env:: pythonLocation=/opt/hostedtoolcache/Python/3.12.15/arm64
[DevSecOps Pipeline/Unit Test             ]   ⚙  ::set-env:: PKG_CONFIG_PATH=/opt/hostedtoolcache/Python/3.12.15/arm64/lib/pkgconfig
[DevSecOps Pipeline/Unit Test             ]   ⚙  ::set-env:: Python_ROOT_DIR=/opt/hostedtoolcache/Python/3.12.15/arm64
[DevSecOps Pipeline/Unit Test             ]   ⚙  ::set-env:: Python2_ROOT_DIR=/opt/hostedtoolcache/Python/3.12.15/arm64
[DevSecOps Pipeline/Unit Test             ]   ⚙  ::set-env:: Python3_ROOT_DIR=/opt/hostedtoolcache/Python/3.12.15/arm64
[DevSecOps Pipeline/Unit Test             ]   ⚙  ::set-env:: LD_LIBRARY_PATH=/opt/hostedtoolcache/Python/3.12.15/arm64/lib
[DevSecOps Pipeline/Unit Test             ]   ⚙  ::set-output:: python-path=/opt/hostedtoolcache/Python/3.12.15/arm64/bin/python
[DevSecOps Pipeline/Unit Test             ]   ⚙  ::set-output:: python-version=3.12.15
[DevSecOps Pipeline/Unit Test             ]   ⚙  ::add-path:: /opt/hostedtoolcache/Python/3.12.15/arm64
[DevSecOps Pipeline/Unit Test             ]   ⚙  ::add-path:: /opt/hostedtoolcache/Python/3.12.15/arm64/bin
[DevSecOps Pipeline/Unit Test             ] ⭐ Run Main pip install -r requirements-dev.txt
[DevSecOps Pipeline/Unit Test             ]   🐳  docker exec cmd=[bash -e /var/run/act/workflow/2] user= workdir=
[DevSecOps Pipeline/SCA - pip-audit       ]   ✅  Success - Main pip install pip-audit==2.9.0 [1.341022459s]
[DevSecOps Pipeline/SCA - pip-audit       ] ⭐ Run Main Audit requirements.txt
[DevSecOps Pipeline/SCA - pip-audit       ]   🐳  docker exec cmd=[bash -e /var/run/act/workflow/3] user= workdir=
[DevSecOps Pipeline/Unit Test             ]   | Requirement already satisfied: Flask==3.1.3 in /opt/hostedtoolcache/Python/3.12.15/arm64/lib/python3.12/site-packages (from -r /Users/utkarshpathak3107/Desktop/Learn_DevOps/Class_Assignments/DevSecOps/requirements.txt (line 1)) (3.1.3)
[DevSecOps Pipeline/Unit Test             ]   | Requirement already satisfied: gunicorn==23.0.0 in /opt/hostedtoolcache/Python/3.12.15/arm64/lib/python3.12/site-packages (from -r /Users/utkarshpathak3107/Desktop/Learn_DevOps/Class_Assignments/DevSecOps/requirements.txt (line 2)) (23.0.0)
[DevSecOps Pipeline/Unit Test             ]   | Requirement already satisfied: pytest==8.4.2 in /opt/hostedtoolcache/Python/3.12.15/arm64/lib/python3.12/site-packages (from -r requirements-dev.txt (line 2)) (8.4.2)
[DevSecOps Pipeline/Unit Test             ]   | Requirement already satisfied: pytest-cov==6.0.0 in /opt/hostedtoolcache/Python/3.12.15/arm64/lib/python3.12/site-packages (from -r requirements-dev.txt (line 3)) (6.0.0)
[DevSecOps Pipeline/Unit Test             ]   | Requirement already satisfied: blinker>=1.9.0 in /opt/hostedtoolcache/Python/3.12.15/arm64/lib/python3.12/site-packages (from Flask==3.1.3->-r /Users/utkarshpathak3107/Desktop/Learn_DevOps/Class_Assignments/DevSecOps/requirements.txt (line 1)) (1.9.0)
[DevSecOps Pipeline/Unit Test             ]   | Requirement already satisfied: click>=8.1.3 in /opt/hostedtoolcache/Python/3.12.15/arm64/lib/python3.12/site-packages (from Flask==3.1.3->-r /Users/utkarshpathak3107/Desktop/Learn_DevOps/Class_Assignments/DevSecOps/requirements.txt (line 1)) (8.5.0)
[DevSecOps Pipeline/Unit Test             ]   | Requirement already satisfied: itsdangerous>=2.2.0 in /opt/hostedtoolcache/Python/3.12.15/arm64/lib/python3.12/site-packages (from Flask==3.1.3->-r /Users/utkarshpathak3107/Desktop/Learn_DevOps/Class_Assignments/DevSecOps/requirements.txt (line 1)) (2.2.0)
[DevSecOps Pipeline/Unit Test             ]   | Requirement already satisfied: jinja2>=3.1.2 in /opt/hostedtoolcache/Python/3.12.15/arm64/lib/python3.12/site-packages (from Flask==3.1.3->-r /Users/utkarshpathak3107/Desktop/Learn_DevOps/Class_Assignments/DevSecOps/requirements.txt (line 1)) (3.1.6)
[DevSecOps Pipeline/Unit Test             ]   | Requirement already satisfied: markupsafe>=2.1.1 in /opt/hostedtoolcache/Python/3.12.15/arm64/lib/python3.12/site-packages (from Flask==3.1.3->-r /Users/utkarshpathak3107/Desktop/Learn_DevOps/Class_Assignments/DevSecOps/requirements.txt (line 1)) (3.0.4)
[DevSecOps Pipeline/Unit Test             ]   | Requirement already satisfied: werkzeug>=3.1.0 in /opt/hostedtoolcache/Python/3.12.15/arm64/lib/python3.12/site-packages (from Flask==3.1.3->-r /Users/utkarshpathak3107/Desktop/Learn_DevOps/Class_Assignments/DevSecOps/requirements.txt (line 1)) (3.1.9)
[DevSecOps Pipeline/Unit Test             ]   | Requirement already satisfied: packaging in /opt/hostedtoolcache/Python/3.12.15/arm64/lib/python3.12/site-packages (from gunicorn==23.0.0->-r /Users/utkarshpathak3107/Desktop/Learn_DevOps/Class_Assignments/DevSecOps/requirements.txt (line 2)) (26.3)
[DevSecOps Pipeline/Unit Test             ]   | Requirement already satisfied: iniconfig>=1 in /opt/hostedtoolcache/Python/3.12.15/arm64/lib/python3.12/site-packages (from pytest==8.4.2->-r requirements-dev.txt (line 2)) (2.3.0)
[DevSecOps Pipeline/Unit Test             ]   | Requirement already satisfied: pluggy<2,>=1.5 in /opt/hostedtoolcache/Python/3.12.15/arm64/lib/python3.12/site-packages (from pytest==8.4.2->-r requirements-dev.txt (line 2)) (1.6.0)
[DevSecOps Pipeline/Unit Test             ]   | Requirement already satisfied: pygments>=2.7.2 in /opt/hostedtoolcache/Python/3.12.15/arm64/lib/python3.12/site-packages (from pytest==8.4.2->-r requirements-dev.txt (line 2)) (2.21.0)
[DevSecOps Pipeline/Unit Test             ]   | Requirement already satisfied: coverage>=7.5 in /opt/hostedtoolcache/Python/3.12.15/arm64/lib/python3.12/site-packages (from coverage[toml]>=7.5->pytest-cov==6.0.0->-r requirements-dev.txt (line 3)) (7.16.2)
[DevSecOps Pipeline/Unit Test             ]   | WARNING: Running pip as the 'root' user can result in broken permissions and conflicting behaviour with the system package manager, possibly rendering your system unusable. It is recommended to use a virtual environment instead: https://pip.pypa.io/warnings/venv. Use the --root-user-action option if you know what you are doing and want to suppress this warning.
[DevSecOps Pipeline/SAST - Bandit         ]   🐳  docker exec cmd=[/opt/acttoolcache/node/24.19.0/arm64/bin/node /var/run/act/actions/actions-setup-python@v5/dist/setup/index.js] user= workdir=
[DevSecOps Pipeline/Unit Test             ]   ✅  Success - Main pip install -r requirements-dev.txt [781.844375ms]
[DevSecOps Pipeline/Unit Test             ] ⭐ Run Main Run tests
[DevSecOps Pipeline/SAST - Bandit         ]   ❓  ::group::Installed versions
[DevSecOps Pipeline/SAST - Bandit         ]   | (node:30) [DEP0040] DeprecationWarning: The `punycode` module is deprecated. Please use a userland alternative instead.
[DevSecOps Pipeline/SAST - Bandit         ]   | (Use `node --trace-deprecation ...` to show where the warning was created)
[DevSecOps Pipeline/SAST - Bandit         ]   | Successfully set up CPython (3.12.15)
[DevSecOps Pipeline/SAST - Bandit         ]   ❓  ::endgroup::
[DevSecOps Pipeline/SAST - Bandit         ]   ❓ add-matcher /run/act/actions/actions-setup-python@v5/.github/python.json
[DevSecOps Pipeline/SAST - Bandit         ]   ✅  Success - Main actions/setup-python@v5 [1.239267083s]
[DevSecOps Pipeline/SAST - Bandit         ]   ⚙  ::set-env:: Python_ROOT_DIR=/opt/hostedtoolcache/Python/3.12.15/arm64
[DevSecOps Pipeline/SAST - Bandit         ]   ⚙  ::set-env:: Python2_ROOT_DIR=/opt/hostedtoolcache/Python/3.12.15/arm64
[DevSecOps Pipeline/SAST - Bandit         ]   ⚙  ::set-env:: Python3_ROOT_DIR=/opt/hostedtoolcache/Python/3.12.15/arm64
[DevSecOps Pipeline/SAST - Bandit         ]   ⚙  ::set-env:: LD_LIBRARY_PATH=/opt/hostedtoolcache/Python/3.12.15/arm64/lib
[DevSecOps Pipeline/SAST - Bandit         ]   ⚙  ::set-env:: pythonLocation=/opt/hostedtoolcache/Python/3.12.15/arm64
[DevSecOps Pipeline/SAST - Bandit         ]   ⚙  ::set-env:: PKG_CONFIG_PATH=/opt/hostedtoolcache/Python/3.12.15/arm64/lib/pkgconfig
[DevSecOps Pipeline/Unit Test             ]   🐳  docker exec cmd=[bash -e /var/run/act/workflow/3] user= workdir=
[DevSecOps Pipeline/SAST - Bandit         ]   ⚙  ::set-output:: python-version=3.12.15
[DevSecOps Pipeline/SAST - Bandit         ]   ⚙  ::set-output:: python-path=/opt/hostedtoolcache/Python/3.12.15/arm64/bin/python
[DevSecOps Pipeline/SAST - Bandit         ]   ⚙  ::add-path:: /opt/hostedtoolcache/Python/3.12.15/arm64
[DevSecOps Pipeline/SAST - Bandit         ]   ⚙  ::add-path:: /opt/hostedtoolcache/Python/3.12.15/arm64/bin
[DevSecOps Pipeline/SAST - Bandit         ] ⭐ Run Main pip install bandit==1.8.6
[DevSecOps Pipeline/SAST - Bandit         ]   🐳  docker exec cmd=[bash -e /var/run/act/workflow/2] user= workdir=
[DevSecOps Pipeline/Unit Test             ]   | ============================= test session starts ==============================
[DevSecOps Pipeline/Unit Test             ]   | platform linux -- Python 3.12.15, pytest-8.4.2, pluggy-1.6.0 -- /opt/hostedtoolcache/Python/3.12.15/arm64/bin/python
[DevSecOps Pipeline/Unit Test             ]   | cachedir: .pytest_cache
[DevSecOps Pipeline/Unit Test             ]   | rootdir: /Users/utkarshpathak3107/Desktop/Learn_DevOps/Class_Assignments/DevSecOps
[DevSecOps Pipeline/Unit Test             ]   | configfile: pytest.ini
[DevSecOps Pipeline/Unit Test             ]   | testpaths: tests
[DevSecOps Pipeline/Unit Test             ]   | plugins: cov-6.0.0, platformdirs-4.12.3
[DevSecOps Pipeline/SAST - Bandit         ]   | Requirement already satisfied: bandit==1.8.6 in /opt/hostedtoolcache/Python/3.12.15/arm64/lib/python3.12/site-packages (1.8.6)
[DevSecOps Pipeline/SAST - Bandit         ]   | Requirement already satisfied: PyYAML>=5.3.1 in /opt/hostedtoolcache/Python/3.12.15/arm64/lib/python3.12/site-packages (from bandit==1.8.6) (6.0.3)
[DevSecOps Pipeline/SAST - Bandit         ]   | Requirement already satisfied: stevedore>=1.20.0 in /opt/hostedtoolcache/Python/3.12.15/arm64/lib/python3.12/site-packages (from bandit==1.8.6) (5.9.1)
[DevSecOps Pipeline/SAST - Bandit         ]   | Requirement already satisfied: rich in /opt/hostedtoolcache/Python/3.12.15/arm64/lib/python3.12/site-packages (from bandit==1.8.6) (15.0.0)
[DevSecOps Pipeline/SAST - Bandit         ]   | Requirement already satisfied: markdown-it-py>=2.2.0 in /opt/hostedtoolcache/Python/3.12.15/arm64/lib/python3.12/site-packages (from rich->bandit==1.8.6) (4.2.0)
[DevSecOps Pipeline/SAST - Bandit         ]   | Requirement already satisfied: pygments<3.0.0,>=2.13.0 in /opt/hostedtoolcache/Python/3.12.15/arm64/lib/python3.12/site-packages (from rich->bandit==1.8.6) (2.21.0)
[DevSecOps Pipeline/SAST - Bandit         ]   | Requirement already satisfied: mdurl~=0.1 in /opt/hostedtoolcache/Python/3.12.15/arm64/lib/python3.12/site-packages (from markdown-it-py>=2.2.0->rich->bandit==1.8.6) (0.1.2)
[DevSecOps Pipeline/Unit Test             ]   | collecting ... collected 8 items
[DevSecOps Pipeline/Unit Test             ]   | 
[DevSecOps Pipeline/SAST - Bandit         ]   | WARNING: Running pip as the 'root' user can result in broken permissions and conflicting behaviour with the system package manager, possibly rendering your system unusable. It is recommended to use a virtual environment instead: https://pip.pypa.io/warnings/venv. Use the --root-user-action option if you know what you are doing and want to suppress this warning.
[DevSecOps Pipeline/Unit Test             ]   | tests/test_app.py::test_home PASSED                                      [ 12%]
[DevSecOps Pipeline/SAST - Bandit         ]   ✅  Success - Main pip install bandit==1.8.6 [510.707083ms]
[DevSecOps Pipeline/Unit Test             ]   | tests/test_app.py::test_health PASSED                                    [ 25%]
[DevSecOps Pipeline/Unit Test             ]   | tests/test_app.py::test_greet PASSED                                     [ 37%]
[DevSecOps Pipeline/Unit Test             ]   | tests/test_app.py::test_add_numbers PASSED                               [ 50%]
[DevSecOps Pipeline/Unit Test             ]   | tests/test_app.py::test_add_numbers_missing_fields PASSED                [ 62%]
[DevSecOps Pipeline/Unit Test             ]   | tests/test_app.py::test_calculator_multiply PASSED                       [ 75%]
[DevSecOps Pipeline/Unit Test             ]   | tests/test_app.py::test_calculator_divide_by_zero PASSED                 [ 87%]
[DevSecOps Pipeline/SAST - Bandit         ] ⭐ Run Main Scan source code
[DevSecOps Pipeline/Unit Test             ]   | tests/test_app.py::test_status PASSED                                    [100%]
[DevSecOps Pipeline/Unit Test             ]   | 
[DevSecOps Pipeline/Unit Test             ]   | =============================== warnings summary ===============================
[DevSecOps Pipeline/Unit Test             ]   | app/app.py:13
[DevSecOps Pipeline/Unit Test             ]   |   /Users/utkarshpathak3107/Desktop/Learn_DevOps/Class_Assignments/DevSecOps/app/app.py:13: DeprecationWarning: datetime.datetime.utcnow() is deprecated and scheduled for removal in a future version. Use timezone-aware objects to represent datetimes in UTC: datetime.datetime.now(datetime.UTC).
[DevSecOps Pipeline/Unit Test             ]   |     _start_time = datetime.datetime.utcnow()
[DevSecOps Pipeline/Unit Test             ]   | 
[DevSecOps Pipeline/Unit Test             ]   | tests/test_app.py::test_health
[DevSecOps Pipeline/Unit Test             ]   |   /Users/utkarshpathak3107/Desktop/Learn_DevOps/Class_Assignments/DevSecOps/app/app.py:38: DeprecationWarning: datetime.datetime.utcnow() is deprecated and scheduled for removal in a future version. Use timezone-aware objects to represent datetimes in UTC: datetime.datetime.now(datetime.UTC).
[DevSecOps Pipeline/Unit Test             ]   |     uptime_seconds = (datetime.datetime.utcnow() - _start_time).total_seconds()
[DevSecOps Pipeline/Unit Test             ]   | 
[DevSecOps Pipeline/Unit Test             ]   | tests/test_app.py::test_health
[DevSecOps Pipeline/Unit Test             ]   |   /Users/utkarshpathak3107/Desktop/Learn_DevOps/Class_Assignments/DevSecOps/app/app.py:42: DeprecationWarning: datetime.datetime.utcnow() is deprecated and scheduled for removal in a future version. Use timezone-aware objects to represent datetimes in UTC: datetime.datetime.now(datetime.UTC).
[DevSecOps Pipeline/Unit Test             ]   |     "timestamp": datetime.datetime.utcnow().isoformat() + "Z",
[DevSecOps Pipeline/Unit Test             ]   | 
[DevSecOps Pipeline/Unit Test             ]   | tests/test_app.py::test_greet
[DevSecOps Pipeline/Unit Test             ]   |   /Users/utkarshpathak3107/Desktop/Learn_DevOps/Class_Assignments/DevSecOps/app/app.py:81: DeprecationWarning: datetime.datetime.utcnow() is deprecated and scheduled for removal in a future version. Use timezone-aware objects to represent datetimes in UTC: datetime.datetime.now(datetime.UTC).
[DevSecOps Pipeline/Unit Test             ]   |     "timestamp": datetime.datetime.utcnow().isoformat() + "Z",
[DevSecOps Pipeline/Unit Test             ]   | 
[DevSecOps Pipeline/Unit Test             ]   | tests/test_app.py::test_status
[DevSecOps Pipeline/Unit Test             ]   |   /Users/utkarshpathak3107/Desktop/Learn_DevOps/Class_Assignments/DevSecOps/app/app.py:49: DeprecationWarning: datetime.datetime.utcnow() is deprecated and scheduled for removal in a future version. Use timezone-aware objects to represent datetimes in UTC: datetime.datetime.now(datetime.UTC).
[DevSecOps Pipeline/Unit Test             ]   |     uptime = datetime.datetime.utcnow() - _start_time
[DevSecOps Pipeline/Unit Test             ]   | 
[DevSecOps Pipeline/Unit Test             ]   | tests/test_app.py::test_status
[DevSecOps Pipeline/Unit Test             ]   |   /Users/utkarshpathak3107/Desktop/Learn_DevOps/Class_Assignments/DevSecOps/app/app.py:60: DeprecationWarning: datetime.datetime.utcnow() is deprecated and scheduled for removal in a future version. Use timezone-aware objects to represent datetimes in UTC: datetime.datetime.now(datetime.UTC).
[DevSecOps Pipeline/Unit Test             ]   |     "timestamp": datetime.datetime.utcnow().isoformat() + "Z",
[DevSecOps Pipeline/Unit Test             ]   | 
[DevSecOps Pipeline/Unit Test             ]   | -- Docs: https://docs.pytest.org/en/stable/how-to/capture-warnings.html
[DevSecOps Pipeline/Unit Test             ]   | 
[DevSecOps Pipeline/Unit Test             ]   | ---------- coverage: platform linux, python 3.12.15-final-0 ----------
[DevSecOps Pipeline/Unit Test             ]   | Name              Stmts   Miss  Cover   Missing
[DevSecOps Pipeline/Unit Test             ]   | -----------------------------------------------
[DevSecOps Pipeline/Unit Test             ]   | app/__init__.py       0      0   100%
[DevSecOps Pipeline/Unit Test             ]   | app/app.py          102     32    69%   94, 104-105, 121, 128, 132-133, 145, 179-209, 225, 230, 236
[DevSecOps Pipeline/Unit Test             ]   | -----------------------------------------------
[DevSecOps Pipeline/Unit Test             ]   | TOTAL               102     32    69%
[DevSecOps Pipeline/Unit Test             ]   | 
[DevSecOps Pipeline/Unit Test             ]   | ======================== 8 passed, 6 warnings in 0.30s =========================
[DevSecOps Pipeline/SAST - Bandit         ]   🐳  docker exec cmd=[bash -e /var/run/act/workflow/3] user= workdir=
[DevSecOps Pipeline/Unit Test             ]   ✅  Success - Main Run tests [824.954583ms]
[DevSecOps Pipeline/Unit Test             ] ⭐ Run Post actions/setup-python@v5
[DevSecOps Pipeline/Unit Test             ]   🐳  docker exec cmd=[/opt/acttoolcache/node/24.19.0/arm64/bin/node /var/run/act/actions/actions-setup-python@v5/dist/cache-save/index.js] user= workdir=
[DevSecOps Pipeline/SAST - Bandit         ]   | [main]	INFO	profile include tests: None
[DevSecOps Pipeline/SAST - Bandit         ]   | [main]	INFO	profile exclude tests: None
[DevSecOps Pipeline/SAST - Bandit         ]   | [main]	INFO	cli include tests: None
[DevSecOps Pipeline/SAST - Bandit         ]   | [main]	INFO	cli exclude tests: None
[DevSecOps Pipeline/SAST - Bandit         ]   | [main]	INFO	running on Python 3.12.15
[DevSecOps Pipeline/SAST - Bandit         ]   | Run started:2026-10-06 18:22:50.092164
[DevSecOps Pipeline/SAST - Bandit         ]   | 
[DevSecOps Pipeline/SAST - Bandit         ]   | Test results:
[DevSecOps Pipeline/SAST - Bandit         ]   | 	No issues identified.
[DevSecOps Pipeline/SAST - Bandit         ]   | 
[DevSecOps Pipeline/SAST - Bandit         ]   | Code scanned:
[DevSecOps Pipeline/SAST - Bandit         ]   | 	Total lines of code: 168
[DevSecOps Pipeline/SAST - Bandit         ]   | 	Total lines skipped (#nosec): 0
[DevSecOps Pipeline/SAST - Bandit         ]   | 	Total potential issues skipped due to specifically being disabled (e.g., #nosec BXXX): 0
[DevSecOps Pipeline/SAST - Bandit         ]   | 
[DevSecOps Pipeline/SAST - Bandit         ]   | Run metrics:
[DevSecOps Pipeline/SAST - Bandit         ]   | 	Total issues (by severity):
[DevSecOps Pipeline/SAST - Bandit         ]   | 		Undefined: 0
[DevSecOps Pipeline/SAST - Bandit         ]   | 		Low: 5
[DevSecOps Pipeline/SAST - Bandit         ]   | 		Medium: 0
[DevSecOps Pipeline/SAST - Bandit         ]   | 		High: 0
[DevSecOps Pipeline/SAST - Bandit         ]   | 	Total issues (by confidence):
[DevSecOps Pipeline/SAST - Bandit         ]   | 		Undefined: 0
[DevSecOps Pipeline/SAST - Bandit         ]   | 		Low: 0
[DevSecOps Pipeline/SAST - Bandit         ]   | 		Medium: 0
[DevSecOps Pipeline/SAST - Bandit         ]   | 		High: 5
[DevSecOps Pipeline/SAST - Bandit         ]   | Files skipped (0):
[DevSecOps Pipeline/SAST - Bandit         ]   ✅  Success - Main Scan source code [249.437ms]
[DevSecOps Pipeline/Unit Test             ]   | (node:73) [DEP0040] DeprecationWarning: The `punycode` module is deprecated. Please use a userland alternative instead.
[DevSecOps Pipeline/Unit Test             ]   | (Use `node --trace-deprecation ...` to show where the warning was created)
[DevSecOps Pipeline/Unit Test             ]   ✅  Success - Post actions/setup-python@v5 [149.421834ms]
[DevSecOps Pipeline/Unit Test             ] ⭐ Run Complete job
[DevSecOps Pipeline/Unit Test             ] Cleaning up container for job Unit Test
[DevSecOps Pipeline/SAST - Bandit         ] ⭐ Run Post actions/setup-python@v5
[DevSecOps Pipeline/SAST - Bandit         ]   🐳  docker exec cmd=[/opt/acttoolcache/node/24.19.0/arm64/bin/node /var/run/act/actions/actions-setup-python@v5/dist/cache-save/index.js] user= workdir=
[DevSecOps Pipeline/SAST - Bandit         ]   | (node:72) [DEP0040] DeprecationWarning: The `punycode` module is deprecated. Please use a userland alternative instead.
[DevSecOps Pipeline/SAST - Bandit         ]   | (Use `node --trace-deprecation ...` to show where the warning was created)
[DevSecOps Pipeline/SAST - Bandit         ]   ✅  Success - Post actions/setup-python@v5 [162.922667ms]
[DevSecOps Pipeline/SAST - Bandit         ] ⭐ Run Complete job
[DevSecOps Pipeline/SAST - Bandit         ] Cleaning up container for job SAST - Bandit
[DevSecOps Pipeline/Unit Test             ]   ✅  Success - Complete job
[DevSecOps Pipeline/Unit Test             ] 🏁  Job succeeded
[DevSecOps Pipeline/SAST - Bandit         ]   ✅  Success - Complete job
[DevSecOps Pipeline/SAST - Bandit         ] 🏁  Job succeeded
[DevSecOps Pipeline/SCA - pip-audit       ]   | No known vulnerabilities found
[DevSecOps Pipeline/SCA - pip-audit       ]   ✅  Success - Main Audit requirements.txt [6.172719125s]
[DevSecOps Pipeline/SCA - pip-audit       ] ⭐ Run Post actions/setup-python@v5
[DevSecOps Pipeline/SCA - pip-audit       ]   🐳  docker exec cmd=[/opt/acttoolcache/node/24.19.0/arm64/bin/node /var/run/act/actions/actions-setup-python@v5/dist/cache-save/index.js] user= workdir=
[DevSecOps Pipeline/SCA - pip-audit       ]   | (node:127) [DEP0040] DeprecationWarning: The `punycode` module is deprecated. Please use a userland alternative instead.
[DevSecOps Pipeline/SCA - pip-audit       ]   | (Use `node --trace-deprecation ...` to show where the warning was created)
[DevSecOps Pipeline/SCA - pip-audit       ]   ✅  Success - Post actions/setup-python@v5 [156.21725ms]
[DevSecOps Pipeline/SCA - pip-audit       ] ⭐ Run Complete job
[DevSecOps Pipeline/SCA - pip-audit       ] Cleaning up container for job SCA - pip-audit
[DevSecOps Pipeline/SCA - pip-audit       ]   ✅  Success - Complete job
[DevSecOps Pipeline/SCA - pip-audit       ] 🏁  Job succeeded
[DevSecOps Pipeline/Docker Build          ] ⭐ Run Set up job
[DevSecOps Pipeline/Docker Build          ] 🚀  Start image=catthehacker/ubuntu:act-latest
[DevSecOps Pipeline/Docker Build          ]   🐳  docker pull image=catthehacker/ubuntu:act-latest platform= username= forcePull=false
[DevSecOps Pipeline/Docker Build          ]   🐳  docker create image=catthehacker/ubuntu:act-latest platform= entrypoint=["tail" "-f" "/dev/null"] cmd=[] network="kind"
[DevSecOps Pipeline/Docker Build          ]   🐳  docker run image=catthehacker/ubuntu:act-latest platform= entrypoint=["tail" "-f" "/dev/null"] cmd=[] network="kind"
[DevSecOps Pipeline/Docker Build          ]   🐳  docker exec cmd=[node --no-warnings -e console.log(process.execPath)] user= workdir=
[DevSecOps Pipeline/Docker Build          ]   ✅  Success - Set up job
[DevSecOps Pipeline/Docker Build          ]   ☁  git clone 'https://github.com/actions/upload-artifact' # ref=v4
[DevSecOps Pipeline/Docker Build          ] ⭐ Run Main actions/checkout@v4
[DevSecOps Pipeline/Docker Build          ]   🐳  docker cp src=/Users/utkarshpathak3107/Desktop/Learn_DevOps/Class_Assignments/DevSecOps/. dst=/Users/utkarshpathak3107/Desktop/Learn_DevOps/Class_Assignments/DevSecOps
[DevSecOps Pipeline/Docker Build          ]   ✅  Success - Main actions/checkout@v4 [24.655708ms]
[DevSecOps Pipeline/Docker Build          ] ⭐ Run Main Build image
[DevSecOps Pipeline/Docker Build          ]   🐳  docker exec cmd=[bash -e /var/run/act/workflow/1] user= workdir=
[DevSecOps Pipeline/Docker Build          ]   | #0 building with "default" instance using docker driver
[DevSecOps Pipeline/Docker Build          ]   | 
[DevSecOps Pipeline/Docker Build          ]   | #1 [internal] load build definition from Dockerfile
[DevSecOps Pipeline/Docker Build          ]   | #1 transferring dockerfile: 363B done
[DevSecOps Pipeline/Docker Build          ]   | #1 DONE 0.0s
[DevSecOps Pipeline/Docker Build          ]   | 
[DevSecOps Pipeline/Docker Build          ]   | #2 [internal] load metadata for docker.io/library/python:3.12-slim
[DevSecOps Pipeline/Docker Build          ]   | #2 DONE 0.0s
[DevSecOps Pipeline/Docker Build          ]   | 
[DevSecOps Pipeline/Docker Build          ]   | #3 [internal] load .dockerignore
[DevSecOps Pipeline/Docker Build          ]   | #3 transferring context: 115B done
[DevSecOps Pipeline/Docker Build          ]   | #3 DONE 0.0s
[DevSecOps Pipeline/Docker Build          ]   | 
[DevSecOps Pipeline/Docker Build          ]   | #4 [1/6] FROM docker.io/library/python:3.12-slim@sha256:78387bc3881b8273120a12ebe6c1ab22b018ccc2c9adf565ae1ac9b536e184ea
[DevSecOps Pipeline/Docker Build          ]   | #4 resolve docker.io/library/python:3.12-slim@sha256:78387bc3881b8273120a12ebe6c1ab22b018ccc2c9adf565ae1ac9b536e184ea done
[DevSecOps Pipeline/Docker Build          ]   | #4 DONE 0.0s
[DevSecOps Pipeline/Docker Build          ]   | 
[DevSecOps Pipeline/Docker Build          ]   | #5 [internal] load build context
[DevSecOps Pipeline/Docker Build          ]   | #5 transferring context: 39.42kB done
[DevSecOps Pipeline/Docker Build          ]   | #5 DONE 0.0s
[DevSecOps Pipeline/Docker Build          ]   | 
[DevSecOps Pipeline/Docker Build          ]   | #6 [2/6] WORKDIR /app
[DevSecOps Pipeline/Docker Build          ]   | #6 CACHED
[DevSecOps Pipeline/Docker Build          ]   | 
[DevSecOps Pipeline/Docker Build          ]   | #7 [3/6] COPY requirements.txt .
[DevSecOps Pipeline/Docker Build          ]   | #7 DONE 0.0s
[DevSecOps Pipeline/Docker Build          ]   | 
[DevSecOps Pipeline/Docker Build          ]   | #8 [4/6] RUN pip install --no-cache-dir -r requirements.txt
[DevSecOps Pipeline/Docker Build          ]   | #8 1.409 Collecting Flask==3.1.3 (from -r requirements.txt (line 1))
[DevSecOps Pipeline/Docker Build          ]   | #8 1.559   Downloading flask-3.1.3-py3-none-any.whl.metadata (3.2 kB)
[DevSecOps Pipeline/Docker Build          ]   | #8 1.603 Collecting gunicorn==23.0.0 (from -r requirements.txt (line 2))
[DevSecOps Pipeline/Docker Build          ]   | #8 1.634   Downloading gunicorn-23.0.0-py3-none-any.whl.metadata (4.4 kB)
[DevSecOps Pipeline/Docker Build          ]   | #8 1.675 Collecting blinker>=1.9.0 (from Flask==3.1.3->-r requirements.txt (line 1))
[DevSecOps Pipeline/Docker Build          ]   | #8 1.701   Downloading blinker-1.9.0-py3-none-any.whl.metadata (1.6 kB)
[DevSecOps Pipeline/Docker Build          ]   | #8 1.739 Collecting click>=8.1.3 (from Flask==3.1.3->-r requirements.txt (line 1))
[DevSecOps Pipeline/Docker Build          ]   | #8 1.772   Downloading click-8.5.0-py3-none-any.whl.metadata (2.6 kB)
[DevSecOps Pipeline/Docker Build          ]   | #8 1.820 Collecting itsdangerous>=2.2.0 (from Flask==3.1.3->-r requirements.txt (line 1))
[DevSecOps Pipeline/Docker Build          ]   | #8 1.854   Downloading itsdangerous-2.2.0-py3-none-any.whl.metadata (1.9 kB)
[DevSecOps Pipeline/Docker Build          ]   | #8 1.894 Collecting jinja2>=3.1.2 (from Flask==3.1.3->-r requirements.txt (line 1))
[DevSecOps Pipeline/Docker Build          ]   | #8 1.926   Downloading jinja2-3.1.6-py3-none-any.whl.metadata (2.9 kB)
[DevSecOps Pipeline/Docker Build          ]   | #8 2.024 Collecting markupsafe>=2.1.1 (from Flask==3.1.3->-r requirements.txt (line 1))
[DevSecOps Pipeline/Docker Build          ]   | #8 2.087   Downloading markupsafe-3.0.4-cp312-cp312-manylinux2014_aarch64.manylinux_2_17_aarch64.manylinux_2_28_aarch64.whl.metadata (2.7 kB)
[DevSecOps Pipeline/Docker Build          ]   | #8 2.122 Collecting werkzeug>=3.1.0 (from Flask==3.1.3->-r requirements.txt (line 1))
[DevSecOps Pipeline/Docker Build          ]   | #8 2.153   Downloading werkzeug-3.1.9-py3-none-any.whl.metadata (4.1 kB)
[DevSecOps Pipeline/Docker Build          ]   | #8 2.189 Collecting packaging (from gunicorn==23.0.0->-r requirements.txt (line 2))
[DevSecOps Pipeline/Docker Build          ]   | #8 2.215   Downloading packaging-26.3-py3-none-any.whl.metadata (3.5 kB)
[DevSecOps Pipeline/Docker Build          ]   | #8 2.271 Downloading flask-3.1.3-py3-none-any.whl (103 kB)
[DevSecOps Pipeline/Docker Build          ]   | #8 2.358 Downloading gunicorn-23.0.0-py3-none-any.whl (85 kB)
[DevSecOps Pipeline/Docker Build          ]   | #8 2.399 Downloading blinker-1.9.0-py3-none-any.whl (8.5 kB)
[DevSecOps Pipeline/Docker Build          ]   | #8 2.438 Downloading click-8.5.0-py3-none-any.whl (125 kB)
[DevSecOps Pipeline/Docker Build          ]   | #8 2.475 Downloading itsdangerous-2.2.0-py3-none-any.whl (16 kB)
[DevSecOps Pipeline/Docker Build          ]   | #8 2.505 Downloading jinja2-3.1.6-py3-none-any.whl (134 kB)
[DevSecOps Pipeline/Docker Build          ]   | #8 2.577 Downloading markupsafe-3.0.4-cp312-cp312-manylinux2014_aarch64.manylinux_2_17_aarch64.manylinux_2_28_aarch64.whl (24 kB)
[DevSecOps Pipeline/Docker Build          ]   | #8 2.607 Downloading werkzeug-3.1.9-py3-none-any.whl (228 kB)
[DevSecOps Pipeline/Docker Build          ]   | #8 2.671 Downloading packaging-26.3-py3-none-any.whl (129 kB)
[DevSecOps Pipeline/Docker Build          ]   | #8 2.685 Installing collected packages: packaging, markupsafe, itsdangerous, click, blinker, werkzeug, jinja2, gunicorn, Flask
[DevSecOps Pipeline/Docker Build          ]   | #8 3.105 Successfully installed Flask-3.1.3 blinker-1.9.0 click-8.5.0 gunicorn-23.0.0 itsdangerous-2.2.0 jinja2-3.1.6 markupsafe-3.0.4 packaging-26.3 werkzeug-3.1.9
[DevSecOps Pipeline/Docker Build          ]   | #8 3.105 WARNING: Running pip as the 'root' user can result in broken permissions and conflicting behaviour with the system package manager, possibly rendering your system unusable. It is recommended to use a virtual environment instead: https://pip.pypa.io/warnings/venv. Use the --root-user-action option if you know what you are doing and want to suppress this warning.
[DevSecOps Pipeline/Docker Build          ]   | #8 3.213 
[DevSecOps Pipeline/Docker Build          ]   | #8 3.213 [notice] A new release of pip is available: 25.0.1 -> 26.2.1
[DevSecOps Pipeline/Docker Build          ]   | #8 3.213 [notice] To update, run: pip install --upgrade pip
[DevSecOps Pipeline/Docker Build          ]   | #8 DONE 3.3s
[DevSecOps Pipeline/Docker Build          ]   | 
[DevSecOps Pipeline/Docker Build          ]   | #9 [5/6] COPY app ./app
[DevSecOps Pipeline/Docker Build          ]   | #9 DONE 0.0s
[DevSecOps Pipeline/Docker Build          ]   | 
[DevSecOps Pipeline/Docker Build          ]   | #10 [6/6] RUN useradd --create-home --uid 10001 appuser
[DevSecOps Pipeline/Docker Build          ]   | #10 DONE 0.2s
[DevSecOps Pipeline/Docker Build          ]   | 
[DevSecOps Pipeline/Docker Build          ]   | #11 exporting to image
[DevSecOps Pipeline/Docker Build          ]   | #11 exporting layers
[DevSecOps Pipeline/Docker Build          ]   | #11 exporting layers 0.8s done
[DevSecOps Pipeline/Docker Build          ]   | #11 exporting manifest sha256:0d162ff2670743d1b84ba6427008b7c3bdeef8d178ecfb509b83477a510255b8 done
[DevSecOps Pipeline/Docker Build          ]   | #11 exporting config sha256:1579e36e2960c346f4e7ee8fa8119303b0bd37051e6b55f5749828da414ab252 done
[DevSecOps Pipeline/Docker Build          ]   | #11 exporting attestation manifest sha256:0789668ca1cc3f3e43fa1d8bc61feff7b60a5109132f051be13f38cfca015788 done
[DevSecOps Pipeline/Docker Build          ]   | #11 exporting manifest list sha256:6d83b95f5d4f4fb87166bb6d5706b7ff30af9de25dba5deea6bec50f438e8074 done
[DevSecOps Pipeline/Docker Build          ]   | #11 naming to docker.io/library/session17-python:9036109 done
[DevSecOps Pipeline/Docker Build          ]   | #11 unpacking to docker.io/library/session17-python:9036109 0.1s done
[DevSecOps Pipeline/Docker Build          ]   | #11 DONE 1.0s
[DevSecOps Pipeline/Docker Build          ]   | IMAGE                      ID             DISK USAGE   CONTENT SIZE   EXTRA
[DevSecOps Pipeline/Docker Build          ]   | session17-python:9036109   6d83b95f5d4f        237MB         52.4MB        
[DevSecOps Pipeline/Docker Build          ]   ✅  Success - Main Build image [6.304989125s]
[DevSecOps Pipeline/Docker Build          ] ⭐ Run Main actions/upload-artifact@v4
[DevSecOps Pipeline/Docker Build          ]   🐳  docker cp src=/Users/utkarshpathak3107/.cache/act/actions-upload-artifact@v4/ dst=/var/run/act/actions/actions-upload-artifact@v4/
[DevSecOps Pipeline/Docker Build          ]   🐳  docker exec cmd=[/opt/acttoolcache/node/24.19.0/arm64/bin/node /var/run/act/actions/actions-upload-artifact@v4/dist/upload/index.js] user= workdir=
[DevSecOps Pipeline/Docker Build          ]   | (node:104) [DEP0040] DeprecationWarning: The `punycode` module is deprecated. Please use a userland alternative instead.
[DevSecOps Pipeline/Docker Build          ]   | (Use `node --trace-deprecation ...` to show where the warning was created)
[DevSecOps Pipeline/Docker Build          ]   | With the provided path, there will be 1 file uploaded
[DevSecOps Pipeline/Docker Build          ]   | Artifact name is valid!
[DevSecOps Pipeline/Docker Build          ]   | Root directory input is valid!
[DevSecOps Pipeline/Docker Build          ]   | Beginning upload of artifact content to blob storage
[DevSecOps Pipeline/Docker Build          ]   | (node:104) [DEP0169] DeprecationWarning: `url.parse()` behavior is not standardized and prone to errors that have security implications. Use the WHATWG URL API instead. CVEs are not issued for `url.parse()` vulnerabilities.
[DevSecOps Pipeline/Docker Build          ]   | Uploaded bytes 8388608
[DevSecOps Pipeline/Docker Build          ]   | Uploaded bytes 16777216
[DevSecOps Pipeline/Docker Build          ]   | Uploaded bytes 25165824
[DevSecOps Pipeline/Docker Build          ]   | Uploaded bytes 33554432
[DevSecOps Pipeline/Docker Build          ]   | Uploaded bytes 41943040
[DevSecOps Pipeline/Docker Build          ]   | Uploaded bytes 50331648
[DevSecOps Pipeline/Docker Build          ]   | Uploaded bytes 51912218
[DevSecOps Pipeline/Docker Build          ]   | Finished uploading artifact content to blob storage!
[DevSecOps Pipeline/Docker Build          ]   | SHA256 digest of uploaded artifact zip is 448a67b54577a74f379aa9dcfd53b932087f4a8869b8a15634712e5b71cc7cb8
[DevSecOps Pipeline/Docker Build          ]   | Finalizing artifact upload
[DevSecOps Pipeline/Docker Build          ]   | Artifact docker-image.zip successfully finalized. Artifact ID 3572604477
[DevSecOps Pipeline/Docker Build          ]   | Artifact docker-image has been successfully uploaded! Final size is 51912218 bytes. Artifact ID is 3572604477
[DevSecOps Pipeline/Docker Build          ]   | Artifact download URL: https://github.com/31UTKARSH07-ALPHA/Learn_DevOps/actions/runs/1/artifacts/3572604477
[DevSecOps Pipeline/Docker Build          ]   ✅  Success - Main actions/upload-artifact@v4 [2.411074542s]
[DevSecOps Pipeline/Docker Build          ]   ⚙  ::set-output:: artifact-id=3572604477
[DevSecOps Pipeline/Docker Build          ]   ⚙  ::set-output:: artifact-digest=448a67b54577a74f379aa9dcfd53b932087f4a8869b8a15634712e5b71cc7cb8
[DevSecOps Pipeline/Docker Build          ]   ⚙  ::set-output:: artifact-url=https://github.com/31UTKARSH07-ALPHA/Learn_DevOps/actions/runs/1/artifacts/3572604477
[DevSecOps Pipeline/Docker Build          ] ⭐ Run Complete job
[DevSecOps Pipeline/Docker Build          ] Cleaning up container for job Docker Build
[DevSecOps Pipeline/Docker Build          ]   ✅  Success - Complete job
[DevSecOps Pipeline/Docker Build          ] 🏁  Job succeeded
[DevSecOps Pipeline/Image Scan - Trivy    ] ⭐ Run Set up job
[DevSecOps Pipeline/Image Scan - Trivy    ] 🚀  Start image=catthehacker/ubuntu:act-latest
[DevSecOps Pipeline/Image Scan - Trivy    ]   🐳  docker pull image=catthehacker/ubuntu:act-latest platform= username= forcePull=false
[DevSecOps Pipeline/Image Scan - Trivy    ]   🐳  docker create image=catthehacker/ubuntu:act-latest platform= entrypoint=["tail" "-f" "/dev/null"] cmd=[] network="kind"
[DevSecOps Pipeline/Image Scan - Trivy    ]   🐳  docker run image=catthehacker/ubuntu:act-latest platform= entrypoint=["tail" "-f" "/dev/null"] cmd=[] network="kind"
[DevSecOps Pipeline/Image Scan - Trivy    ]   🐳  docker exec cmd=[node --no-warnings -e console.log(process.execPath)] user= workdir=
[DevSecOps Pipeline/Image Scan - Trivy    ]   ✅  Success - Set up job
[DevSecOps Pipeline/Image Scan - Trivy    ]   ☁  git clone 'https://github.com/actions/download-artifact' # ref=v4
[DevSecOps Pipeline/Image Scan - Trivy    ] ⭐ Run Main actions/download-artifact@v4
[DevSecOps Pipeline/Image Scan - Trivy    ]   🐳  docker cp src=/Users/utkarshpathak3107/.cache/act/actions-download-artifact@v4/ dst=/var/run/act/actions/actions-download-artifact@v4/
[DevSecOps Pipeline/Image Scan - Trivy    ]   🐳  docker exec cmd=[/opt/acttoolcache/node/24.19.0/arm64/bin/node /var/run/act/actions/actions-download-artifact@v4/dist/index.js] user= workdir=
[DevSecOps Pipeline/Image Scan - Trivy    ]   | Downloading single artifact
[DevSecOps Pipeline/Image Scan - Trivy    ]   | (node:31) [DEP0040] DeprecationWarning: The `punycode` module is deprecated. Please use a userland alternative instead.
[DevSecOps Pipeline/Image Scan - Trivy    ]   | (Use `node --trace-deprecation ...` to show where the warning was created)
[DevSecOps Pipeline/Image Scan - Trivy    ]   | Preparing to download the following artifacts:
[DevSecOps Pipeline/Image Scan - Trivy    ]   | - docker-image (ID: 3572604477, Size: 96, Expected Digest: undefined)
[DevSecOps Pipeline/Image Scan - Trivy    ]   | Redirecting to blob download url: http://10.114.2.89:34567/twirp/github.actions.results.api.v1.ArtifactService/DownloadArtifact
[DevSecOps Pipeline/Image Scan - Trivy    ]   | Starting download of artifact to: /Users/utkarshpathak3107/Desktop/Learn_DevOps/Class_Assignments/DevSecOps
[DevSecOps Pipeline/Image Scan - Trivy    ]   | (node:31) [DEP0005] DeprecationWarning: Buffer() is deprecated due to security and usability issues. Please use the Buffer.alloc(), Buffer.allocUnsafe(), or Buffer.from() methods instead.
[DevSecOps Pipeline/Image Scan - Trivy    ]   | SHA256 digest of downloaded artifact is 448a67b54577a74f379aa9dcfd53b932087f4a8869b8a15634712e5b71cc7cb8
[DevSecOps Pipeline/Image Scan - Trivy    ]   | Artifact download completed successfully.
[DevSecOps Pipeline/Image Scan - Trivy    ]   | Total of 1 artifact(s) downloaded
[DevSecOps Pipeline/Image Scan - Trivy    ]   | Download artifact has finished successfully
[DevSecOps Pipeline/Image Scan - Trivy    ]   ✅  Success - Main actions/download-artifact@v4 [3.39702025s]
[DevSecOps Pipeline/Image Scan - Trivy    ]   ⚙  ::set-output:: download-path=/Users/utkarshpathak3107/Desktop/Learn_DevOps/Class_Assignments/DevSecOps
[DevSecOps Pipeline/Image Scan - Trivy    ] ⭐ Run Main docker load -i image.tar
[DevSecOps Pipeline/Image Scan - Trivy    ]   🐳  docker exec cmd=[bash -e /var/run/act/workflow/1] user= workdir=
[DevSecOps Pipeline/Image Scan - Trivy    ]   | Loaded image: session17-python:9036109
[DevSecOps Pipeline/Image Scan - Trivy    ]   ✅  Success - Main docker load -i image.tar [1.406998333s]
[DevSecOps Pipeline/Image Scan - Trivy    ] ⭐ Run Main Install Trivy
[DevSecOps Pipeline/Image Scan - Trivy    ]   🐳  docker exec cmd=[bash -e /var/run/act/workflow/2] user= workdir=
[DevSecOps Pipeline/Image Scan - Trivy    ]   | aquasecurity/trivy info checking GitHub for tag 'v0.75.0'
[DevSecOps Pipeline/Image Scan - Trivy    ]   | aquasecurity/trivy info found version: 0.75.0 for v0.75.0/Linux/ARM64
[DevSecOps Pipeline/Image Scan - Trivy    ]   | aquasecurity/trivy info installed /usr/local/bin/trivy
[DevSecOps Pipeline/Image Scan - Trivy    ]   ✅  Success - Main Install Trivy [10.611832833s]
[DevSecOps Pipeline/Image Scan - Trivy    ] ⭐ Run Main Scan image (fail on fixable HIGH/CRITICAL)
[DevSecOps Pipeline/Image Scan - Trivy    ]   🐳  docker exec cmd=[bash -e /var/run/act/workflow/3] user= workdir=
[DevSecOps Pipeline/Image Scan - Trivy    ]   | 
[DevSecOps Pipeline/Image Scan - Trivy    ]   | Report Summary
[DevSecOps Pipeline/Image Scan - Trivy    ]   | 
[DevSecOps Pipeline/Image Scan - Trivy    ]   | ┌──────────────────────────────────────────────────────────────────────────────┬────────────┬─────────────────┐
[DevSecOps Pipeline/Image Scan - Trivy    ]   | │                                    Target                                    │    Type    │ Vulnerabilities │
[DevSecOps Pipeline/Image Scan - Trivy    ]   | ├──────────────────────────────────────────────────────────────────────────────┼────────────┼─────────────────┤
[DevSecOps Pipeline/Image Scan - Trivy    ]   | │ session17-python:9036109 (debian 13.6)                                       │   debian   │       20        │
[DevSecOps Pipeline/Image Scan - Trivy    ]   | ├──────────────────────────────────────────────────────────────────────────────┼────────────┼─────────────────┤
[DevSecOps Pipeline/Image Scan - Trivy    ]   | │ usr/local/lib/python3.12/site-packages/blinker-1.9.0.dist-info/METADATA      │ python-pkg │        0        │
[DevSecOps Pipeline/Image Scan - Trivy    ]   | ├──────────────────────────────────────────────────────────────────────────────┼────────────┼─────────────────┤
[DevSecOps Pipeline/Image Scan - Trivy    ]   | │ usr/local/lib/python3.12/site-packages/click-8.5.0.dist-info/METADATA        │ python-pkg │        0        │
[DevSecOps Pipeline/Image Scan - Trivy    ]   | ├──────────────────────────────────────────────────────────────────────────────┼────────────┼─────────────────┤
[DevSecOps Pipeline/Image Scan - Trivy    ]   | │ usr/local/lib/python3.12/site-packages/flask-3.1.3.dist-info/METADATA        │ python-pkg │        0        │
[DevSecOps Pipeline/Image Scan - Trivy    ]   | ├──────────────────────────────────────────────────────────────────────────────┼────────────┼─────────────────┤
[DevSecOps Pipeline/Image Scan - Trivy    ]   | │ usr/local/lib/python3.12/site-packages/gunicorn-23.0.0.dist-info/METADATA    │ python-pkg │        0        │
[DevSecOps Pipeline/Image Scan - Trivy    ]   | ├──────────────────────────────────────────────────────────────────────────────┼────────────┼─────────────────┤
[DevSecOps Pipeline/Image Scan - Trivy    ]   | │ usr/local/lib/python3.12/site-packages/itsdangerous-2.2.0.dist-info/METADATA │ python-pkg │        0        │
[DevSecOps Pipeline/Image Scan - Trivy    ]   | ├──────────────────────────────────────────────────────────────────────────────┼────────────┼─────────────────┤
[DevSecOps Pipeline/Image Scan - Trivy    ]   | │ usr/local/lib/python3.12/site-packages/jinja2-3.1.6.dist-info/METADATA       │ python-pkg │        0        │
[DevSecOps Pipeline/Image Scan - Trivy    ]   | ├──────────────────────────────────────────────────────────────────────────────┼────────────┼─────────────────┤
[DevSecOps Pipeline/Image Scan - Trivy    ]   | │ usr/local/lib/python3.12/site-packages/markupsafe-3.0.4.dist-info/METADATA   │ python-pkg │        0        │
[DevSecOps Pipeline/Image Scan - Trivy    ]   | ├──────────────────────────────────────────────────────────────────────────────┼────────────┼─────────────────┤
[DevSecOps Pipeline/Image Scan - Trivy    ]   | │ usr/local/lib/python3.12/site-packages/packaging-26.3.dist-info/METADATA     │ python-pkg │        0        │
[DevSecOps Pipeline/Image Scan - Trivy    ]   | ├──────────────────────────────────────────────────────────────────────────────┼────────────┼─────────────────┤
[DevSecOps Pipeline/Image Scan - Trivy    ]   | │ usr/local/lib/python3.12/site-packages/pip-25.0.1.dist-info/METADATA         │ python-pkg │        0        │
[DevSecOps Pipeline/Image Scan - Trivy    ]   | ├──────────────────────────────────────────────────────────────────────────────┼────────────┼─────────────────┤
[DevSecOps Pipeline/Image Scan - Trivy    ]   | │ usr/local/lib/python3.12/site-packages/werkzeug-3.1.9.dist-info/METADATA     │ python-pkg │        0        │
[DevSecOps Pipeline/Image Scan - Trivy    ]   | └──────────────────────────────────────────────────────────────────────────────┴────────────┴─────────────────┘
[DevSecOps Pipeline/Image Scan - Trivy    ]   | Legend:
[DevSecOps Pipeline/Image Scan - Trivy    ]   | - '-': Not scanned
[DevSecOps Pipeline/Image Scan - Trivy    ]   | - '0': Clean (no security findings detected)
[DevSecOps Pipeline/Image Scan - Trivy    ]   | 
[DevSecOps Pipeline/Image Scan - Trivy    ]   | 
[DevSecOps Pipeline/Image Scan - Trivy    ]   | For OSS Maintainers: VEX Notice
[DevSecOps Pipeline/Image Scan - Trivy    ]   | --------------------------------
[DevSecOps Pipeline/Image Scan - Trivy    ]   | If you're an OSS maintainer and Trivy has detected vulnerabilities in your project that you believe are not actually exploitable, consider issuing a VEX (Vulnerability Exploitability eXchange) statement.
[DevSecOps Pipeline/Image Scan - Trivy    ]   | VEX allows you to communicate the actual status of vulnerabilities in your project, improving security transparency and reducing false positives for your users.
[DevSecOps Pipeline/Image Scan - Trivy    ]   | Learn more and start using VEX: https://trivy.dev/docs/v0.75/guide/supply-chain/vex/repo#publishing-vex-documents
[DevSecOps Pipeline/Image Scan - Trivy    ]   | 
[DevSecOps Pipeline/Image Scan - Trivy    ]   | To disable this notice, set the TRIVY_DISABLE_VEX_NOTICE environment variable.
[DevSecOps Pipeline/Image Scan - Trivy    ]   | 
[DevSecOps Pipeline/Image Scan - Trivy    ]   | 
[DevSecOps Pipeline/Image Scan - Trivy    ]   | session17-python:9036109 (debian 13.6)
[DevSecOps Pipeline/Image Scan - Trivy    ]   | ======================================
[DevSecOps Pipeline/Image Scan - Trivy    ]   | Total: 20 (HIGH: 17, CRITICAL: 3)
[DevSecOps Pipeline/Image Scan - Trivy    ]   | 
[DevSecOps Pipeline/Image Scan - Trivy    ]   | ┌─────────────────────────┬─────────────────┬──────────┬────────┬───────────────────┬──────────────────┬──────────────────────────────────────────────────────────────┐
[DevSecOps Pipeline/Image Scan - Trivy    ]   | │         Library         │  Vulnerability  │ Severity │ Status │ Installed Version │  Fixed Version   │                            Title                             │
[DevSecOps Pipeline/Image Scan - Trivy    ]   | ├─────────────────────────┼─────────────────┼──────────┼────────┼───────────────────┼──────────────────┼──────────────────────────────────────────────────────────────┤
[DevSecOps Pipeline/Image Scan - Trivy    ]   | │ gzip                    │ CVE-2026-41992  │ HIGH     │ fixed  │ 1.13-1            │ 1.13-1+deb13u1   │ gzip: gzip: Information disclosure via global buffer         │
[DevSecOps Pipeline/Image Scan - Trivy    ]   | │                         │                 │          │        │                   │                  │ overflow in LZH decompression                                │
[DevSecOps Pipeline/Image Scan - Trivy    ]   | │                         │                 │          │        │                   │                  │ https://avd.aquasec.com/nvd/cve-2026-41992                   │
[DevSecOps Pipeline/Image Scan - Trivy    ]   | ├─────────────────────────┼─────────────────┤          │        ├───────────────────┼──────────────────┼──────────────────────────────────────────────────────────────┤
[DevSecOps Pipeline/Image Scan - Trivy    ]   | │ libpcre2-8-0            │ CVE-2026-103111 │          │        │ 10.46-1~deb13u1   │ 10.46-1~deb13u3  │ pcre2: pcre2: Out-of-bounds write via crafted regular        │
[DevSecOps Pipeline/Image Scan - Trivy    ]   | │                         │                 │          │        │                   │                  │ expression                                                   │
[DevSecOps Pipeline/Image Scan - Trivy    ]   | │                         │                 │          │        │                   │                  │ https://avd.aquasec.com/nvd/cve-2026-103111                  │
[DevSecOps Pipeline/Image Scan - Trivy    ]   | │                         ├─────────────────┤          │        │                   ├──────────────────┼──────────────────────────────────────────────────────────────┤
[DevSecOps Pipeline/Image Scan - Trivy    ]   | │                         │ CVE-2026-86145  │          │        │                   │ 10.46-1~deb13u2  │ pcre2: PCRE2: Out-of-bounds write allows arbitrary code      │
[DevSecOps Pipeline/Image Scan - Trivy    ]   | │                         │                 │          │        │                   │                  │ execution via crafted regular expressions...                 │
[DevSecOps Pipeline/Image Scan - Trivy    ]   | │                         │                 │          │        │                   │                  │ https://avd.aquasec.com/nvd/cve-2026-86145                   │
[DevSecOps Pipeline/Image Scan - Trivy    ]   | │                         ├─────────────────┤          │        │                   │                  ├──────────────────────────────────────────────────────────────┤
[DevSecOps Pipeline/Image Scan - Trivy    ]   | │                         │ CVE-2026-89157  │          │        │                   │                  │ pcre2: PCRE2: Out-of-bounds write via large pattern input    │
[DevSecOps Pipeline/Image Scan - Trivy    ]   | │                         │                 │          │        │                   │                  │ https://avd.aquasec.com/nvd/cve-2026-89157                   │
[DevSecOps Pipeline/Image Scan - Trivy    ]   | │                         ├─────────────────┤          │        │                   │                  ├──────────────────────────────────────────────────────────────┤
[DevSecOps Pipeline/Image Scan - Trivy    ]   | │                         │ CVE-2026-89161  │          │        │                   │                  │ pcre2: PCRE2: Memory corruption vulnerability in             │
[DevSecOps Pipeline/Image Scan - Trivy    ]   | │                         │                 │          │        │                   │                  │ pcre2_jit_match                                              │
[DevSecOps Pipeline/Image Scan - Trivy    ]   | │                         │                 │          │        │                   │                  │ https://avd.aquasec.com/nvd/cve-2026-89161                   │
[DevSecOps Pipeline/Image Scan - Trivy    ]   | ├─────────────────────────┼─────────────────┤          │        ├───────────────────┼──────────────────┼──────────────────────────────────────────────────────────────┤
[DevSecOps Pipeline/Image Scan - Trivy    ]   | │ libsqlite3-0            │ CVE-2026-11822  │          │        │ 3.46.1-7+deb13u1  │ 3.46.1-7+deb13u2 │ sqlite: SQLite: Arbitrary code execution via crafted FTS5    │
[DevSecOps Pipeline/Image Scan - Trivy    ]   | │                         │                 │          │        │                   │                  │ full-text search data                                        │
[DevSecOps Pipeline/Image Scan - Trivy    ]   | │                         │                 │          │        │                   │                  │ https://avd.aquasec.com/nvd/cve-2026-11822                   │
[DevSecOps Pipeline/Image Scan - Trivy    ]   | │                         ├─────────────────┤          │        │                   │                  ├──────────────────────────────────────────────────────────────┤
[DevSecOps Pipeline/Image Scan - Trivy    ]   | │                         │ CVE-2026-11824  │          │        │                   │                  │ sqlite: SQLite: Arbitrary code execution and crash via       │
[DevSecOps Pipeline/Image Scan - Trivy    ]   | │                         │                 │          │        │                   │                  │ heap-based buffer overflow in...                             │
[DevSecOps Pipeline/Image Scan - Trivy    ]   | │                         │                 │          │        │                   │                  │ https://avd.aquasec.com/nvd/cve-2026-11824                   │
[DevSecOps Pipeline/Image Scan - Trivy    ]   | ├─────────────────────────┼─────────────────┤          │        ├───────────────────┼──────────────────┼──────────────────────────────────────────────────────────────┤
[DevSecOps Pipeline/Image Scan - Trivy    ]   | │ libssl3t64              │ CVE-2026-75804  │          │        │ 3.5.7-1~deb13u2   │ 3.5.7-1~deb13u3  │ openssl: OpenSSL: Denial of Service via unenforced QUIC      │
[DevSecOps Pipeline/Image Scan - Trivy    ]   | │                         │                 │          │        │                   │                  │ connection flow control                                      │
[DevSecOps Pipeline/Image Scan - Trivy    ]   | │                         │                 │          │        │                   │                  │ https://avd.aquasec.com/nvd/cve-2026-75804                   │
[DevSecOps Pipeline/Image Scan - Trivy    ]   | │                         ├─────────────────┤          │        │                   │                  ├──────────────────────────────────────────────────────────────┤
[DevSecOps Pipeline/Image Scan - Trivy    ]   | │                         │ CVE-2026-84782  │          │        │                   │                  │ openssl: compat-openssl: openssl: Information disclosure via │
[DevSecOps Pipeline/Image Scan - Trivy    ]   | │                         │                 │          │        │                   │                  │ DTLS handshake retransmission                                │
[DevSecOps Pipeline/Image Scan - Trivy    ]   | │                         │                 │          │        │                   │                  │ https://avd.aquasec.com/nvd/cve-2026-84782                   │
[DevSecOps Pipeline/Image Scan - Trivy    ]   | ├─────────────────────────┼─────────────────┤          │        │                   │                  ├──────────────────────────────────────────────────────────────┤
[DevSecOps Pipeline/Image Scan - Trivy    ]   | │ openssl                 │ CVE-2026-75804  │          │        │                   │                  │ openssl: OpenSSL: Denial of Service via unenforced QUIC      │
[DevSecOps Pipeline/Image Scan - Trivy    ]   | │                         │                 │          │        │                   │                  │ connection flow control                                      │
[DevSecOps Pipeline/Image Scan - Trivy    ]   | │                         │                 │          │        │                   │                  │ https://avd.aquasec.com/nvd/cve-2026-75804                   │
[DevSecOps Pipeline/Image Scan - Trivy    ]   | │                         ├─────────────────┤          │        │                   │                  ├──────────────────────────────────────────────────────────────┤
[DevSecOps Pipeline/Image Scan - Trivy    ]   | │                         │ CVE-2026-84782  │          │        │                   │                  │ openssl: compat-openssl: openssl: Information disclosure via │
[DevSecOps Pipeline/Image Scan - Trivy    ]   | │                         │                 │          │        │                   │                  │ DTLS handshake retransmission                                │
[DevSecOps Pipeline/Image Scan - Trivy    ]   | │                         │                 │          │        │                   │                  │ https://avd.aquasec.com/nvd/cve-2026-84782                   │
[DevSecOps Pipeline/Image Scan - Trivy    ]   | ├─────────────────────────┼─────────────────┤          │        │                   │                  ├──────────────────────────────────────────────────────────────┤
[DevSecOps Pipeline/Image Scan - Trivy    ]   | │ openssl-provider-legacy │ CVE-2026-75804  │          │        │                   │                  │ openssl: OpenSSL: Denial of Service via unenforced QUIC      │
[DevSecOps Pipeline/Image Scan - Trivy    ]   | │                         │                 │          │        │                   │                  │ connection flow control                                      │
[DevSecOps Pipeline/Image Scan - Trivy    ]   | │                         │                 │          │        │                   │                  │ https://avd.aquasec.com/nvd/cve-2026-75804                   │
[DevSecOps Pipeline/Image Scan - Trivy    ]   | │                         ├─────────────────┤          │        │                   │                  ├──────────────────────────────────────────────────────────────┤
[DevSecOps Pipeline/Image Scan - Trivy    ]   | │                         │ CVE-2026-84782  │          │        │                   │                  │ openssl: compat-openssl: openssl: Information disclosure via │
[DevSecOps Pipeline/Image Scan - Trivy    ]   | │                         │                 │          │        │                   │                  │ DTLS handshake retransmission                                │
[DevSecOps Pipeline/Image Scan - Trivy    ]   | │                         │                 │          │        │                   │                  │ https://avd.aquasec.com/nvd/cve-2026-84782                   │
[DevSecOps Pipeline/Image Scan - Trivy    ]   | ├─────────────────────────┼─────────────────┼──────────┤        ├───────────────────┼──────────────────┼──────────────────────────────────────────────────────────────┤
[DevSecOps Pipeline/Image Scan - Trivy    ]   | │ perl-base               │ CVE-2026-13221  │ CRITICAL │        │ 5.40.1-6          │ 5.40.1-6+deb13u1 │ perl: Perl: Incorrect regular expression processing via      │
[DevSecOps Pipeline/Image Scan - Trivy    ]   | │                         │                 │          │        │                   │                  │ large regular expressions                                    │
[DevSecOps Pipeline/Image Scan - Trivy    ]   | │                         │                 │          │        │                   │                  │ https://avd.aquasec.com/nvd/cve-2026-13221                   │
[DevSecOps Pipeline/Image Scan - Trivy    ]   | │                         ├─────────────────┤          │        │                   │                  ├──────────────────────────────────────────────────────────────┤
[DevSecOps Pipeline/Image Scan - Trivy    ]   | │                         │ CVE-2026-42496  │          │        │                   │                  │ perl-archive-tar: perl-archive-tar: Path traversal via       │
[DevSecOps Pipeline/Image Scan - Trivy    ]   | │                         │                 │          │        │                   │                  │ crafted symlinks allows arbitrary file access                │
[DevSecOps Pipeline/Image Scan - Trivy    ]   | │                         │                 │          │        │                   │                  │ https://avd.aquasec.com/nvd/cve-2026-42496                   │
[DevSecOps Pipeline/Image Scan - Trivy    ]   | │                         ├─────────────────┤          │        │                   │                  ├──────────────────────────────────────────────────────────────┤
[DevSecOps Pipeline/Image Scan - Trivy    ]   | │                         │ CVE-2026-8376   │          │        │                   │                  │ perl: Perl: Heap buffer overflow when compiling regular      │
[DevSecOps Pipeline/Image Scan - Trivy    ]   | │                         │                 │          │        │                   │                  │ expressions on 32-bit builds...                              │
[DevSecOps Pipeline/Image Scan - Trivy    ]   | │                         │                 │          │        │                   │                  │ https://avd.aquasec.com/nvd/cve-2026-8376                    │
[DevSecOps Pipeline/Image Scan - Trivy    ]   | │                         ├─────────────────┼──────────┤        │                   │                  ├──────────────────────────────────────────────────────────────┤
[DevSecOps Pipeline/Image Scan - Trivy    ]   | │                         │ CVE-2026-42497  │ HIGH     │        │                   │                  │ perl-Archive-Tar: perl-Archive-Tar: Arbitrary file           │
[DevSecOps Pipeline/Image Scan - Trivy    ]   | │                         │                 │          │        │                   │                  │ modification via crafted hardlinks during archive extraction │
[DevSecOps Pipeline/Image Scan - Trivy    ]   | │                         │                 │          │        │                   │                  │ https://avd.aquasec.com/nvd/cve-2026-42497                   │
[DevSecOps Pipeline/Image Scan - Trivy    ]   | │                         ├─────────────────┤          │        │                   │                  ├──────────────────────────────────────────────────────────────┤
[DevSecOps Pipeline/Image Scan - Trivy    ]   | │                         │ CVE-2026-48962  │          │        │                   │                  │ perl-IO-Compress: perl-IO-Compress: Arbitrary code execution │
[DevSecOps Pipeline/Image Scan - Trivy    ]   | │                         │                 │          │        │                   │                  │ via attacker-controlled output glob                          │
[DevSecOps Pipeline/Image Scan - Trivy    ]   | │                         │                 │          │        │                   │                  │ https://avd.aquasec.com/nvd/cve-2026-48962                   │
[DevSecOps Pipeline/Image Scan - Trivy    ]   | │                         ├─────────────────┤          │        │                   │                  ├──────────────────────────────────────────────────────────────┤
[DevSecOps Pipeline/Image Scan - Trivy    ]   | │                         │ CVE-2026-57432  │          │        │                   │                  │ perl: Perl: Information disclosure via integer overflow in   │
[DevSecOps Pipeline/Image Scan - Trivy    ]   | │                         │                 │          │        │                   │                  │ pack/unpack operations                                       │
[DevSecOps Pipeline/Image Scan - Trivy    ]   | │                         │                 │          │        │                   │                  │ https://avd.aquasec.com/nvd/cve-2026-57432                   │
[DevSecOps Pipeline/Image Scan - Trivy    ]   | │                         ├─────────────────┤          │        │                   │                  ├──────────────────────────────────────────────────────────────┤
[DevSecOps Pipeline/Image Scan - Trivy    ]   | │                         │ CVE-2026-57433  │          │        │                   │                  │ Storable: Storable: Denial of Service via signed integer     │
[DevSecOps Pipeline/Image Scan - Trivy    ]   | │                         │                 │          │        │                   │                  │ overflow in deserialization                                  │
[DevSecOps Pipeline/Image Scan - Trivy    ]   | │                         │                 │          │        │                   │                  │ https://avd.aquasec.com/nvd/cve-2026-57433                   │
[DevSecOps Pipeline/Image Scan - Trivy    ]   | └─────────────────────────┴─────────────────┴──────────┴────────┴───────────────────┴──────────────────┴──────────────────────────────────────────────────────────────┘
[DevSecOps Pipeline/Image Scan - Trivy    ]   ❌  Failure - Main Scan image (fail on fixable HIGH/CRITICAL) [22.821211s]
[DevSecOps Pipeline/Image Scan - Trivy    ] exitcode '1': failure
[DevSecOps Pipeline/Image Scan - Trivy    ] ⭐ Run Complete job
[DevSecOps Pipeline/Image Scan - Trivy    ]   ✅  Success - Complete job
[DevSecOps Pipeline/Image Scan - Trivy    ] 🏁  Job failed
[DevSecOps Pipeline/Security Gate         ] ⭐ Run Set up job
[DevSecOps Pipeline/Security Gate         ] 🚀  Start image=catthehacker/ubuntu:act-latest
[DevSecOps Pipeline/Security Gate         ]   🐳  docker pull image=catthehacker/ubuntu:act-latest platform= username= forcePull=false
[DevSecOps Pipeline/Security Gate         ]   🐳  docker create image=catthehacker/ubuntu:act-latest platform= entrypoint=["tail" "-f" "/dev/null"] cmd=[] network="kind"
[DevSecOps Pipeline/Security Gate         ]   🐳  docker run image=catthehacker/ubuntu:act-latest platform= entrypoint=["tail" "-f" "/dev/null"] cmd=[] network="kind"
[DevSecOps Pipeline/Security Gate         ]   🐳  docker exec cmd=[node --no-warnings -e console.log(process.execPath)] user= workdir=
[DevSecOps Pipeline/Security Gate         ]   ✅  Success - Set up job
[DevSecOps Pipeline/Security Gate         ] ⭐ Run Main Evaluate security results
[DevSecOps Pipeline/Security Gate         ]   🐳  docker exec cmd=[bash -e /var/run/act/workflow/0] user= workdir=
[DevSecOps Pipeline/Security Gate         ]   | Unit Test    : success
[DevSecOps Pipeline/Security Gate         ]   | SAST         : success
[DevSecOps Pipeline/Security Gate         ]   | SCA          : success
[DevSecOps Pipeline/Security Gate         ]   | Secret Scan  : success
[DevSecOps Pipeline/Security Gate         ]   | Image Scan   : failure
[DevSecOps Pipeline/Security Gate         ]   | SECURITY GATE: FAILED - image will NOT be pushed or deployed
[DevSecOps Pipeline/Security Gate         ]   ❌  Failure - Main Evaluate security results [123.372042ms]
[DevSecOps Pipeline/Security Gate         ] exitcode '1': failure
[DevSecOps Pipeline/Security Gate         ] ⭐ Run Complete job
[DevSecOps Pipeline/Security Gate         ]   ✅  Success - Complete job
[DevSecOps Pipeline/Security Gate         ] 🏁  Job failed
Error: Job 'Image Scan - Trivy' failed
